Component: ARM Compiler 5.06 update 6 (build 750) Tool: armlink [4d35ed]

==============================================================================

Section Cross References

    startup_stm32f103xe.o(RESET) refers to startup_stm32f103xe.o(STACK) for __initial_sp
    startup_stm32f103xe.o(RESET) refers to startup_stm32f103xe.o(.text) for Reset_Handler
    startup_stm32f103xe.o(RESET) refers to stm32f1xx_it.o(i.NMI_Handler) for NMI_Handler
    startup_stm32f103xe.o(RESET) refers to stm32f1xx_it.o(i.HardFault_Handler) for HardFault_Handler
    startup_stm32f103xe.o(RESET) refers to stm32f1xx_it.o(i.MemManage_Handler) for MemManage_Handler
    startup_stm32f103xe.o(RESET) refers to stm32f1xx_it.o(i.BusFault_Handler) for BusFault_Handler
    startup_stm32f103xe.o(RESET) refers to stm32f1xx_it.o(i.UsageFault_Handler) for UsageFault_Handler
    startup_stm32f103xe.o(RESET) refers to stm32f1xx_it.o(i.SVC_Handler) for SVC_Handler
    startup_stm32f103xe.o(RESET) refers to stm32f1xx_it.o(i.DebugMon_Handler) for DebugMon_Handler
    startup_stm32f103xe.o(RESET) refers to stm32f1xx_it.o(i.PendSV_Handler) for PendSV_Handler
    startup_stm32f103xe.o(RESET) refers to stm32f1xx_it.o(i.SysTick_Handler) for SysTick_Handler
    startup_stm32f103xe.o(.text) refers to system_stm32f1xx.o(i.SystemInit) for SystemInit
    startup_stm32f103xe.o(.text) refers to entry.o(.ARM.Collect$$$$00000000) for __main
    main.o(i.SystemClock_Config) refers to memseta.o(.text) for __aeabi_memclr4
    main.o(i.SystemClock_Config) refers to stm32f1xx_hal_rcc.o(i.HAL_RCC_OscConfig) for HAL_RCC_OscConfig
    main.o(i.SystemClock_Config) refers to stm32f1xx_hal_rcc.o(i.HAL_RCC_ClockConfig) for HAL_RCC_ClockConfig
    main.o(i.main) refers to stm32f1xx_hal.o(i.HAL_Init) for HAL_Init
    main.o(i.main) refers to main.o(i.SystemClock_Config) for SystemClock_Config
    main.o(i.main) refers to gpio.o(i.MX_GPIO_Init) for MX_GPIO_Init
    main.o(i.main) refers to crc.o(i.MX_CRC_Init) for MX_CRC_Init
    main.o(i.main) refers to app_lcd.o(i.app_lcd_init) for app_lcd_init
    main.o(i.main) refers to app_lcd.o(i.lcd_display_bmp_with_empty_background) for lcd_display_bmp_with_empty_background
    main.o(i.main) refers to app_lcd.o(i.lcd_display_pixel) for lcd_display_pixel
    main.o(i.main) refers to malloc.o(i.my_mem_init) for my_mem_init
    main.o(i.main) refers to gui_core.o(i.GUI_Init) for GUI_Init
    main.o(i.main) refers to gui_setcolor.o(i.GUI_SetBkColor) for GUI_SetBkColor
    main.o(i.main) refers to gui_setcolor.o(i.GUI_SetColor) for GUI_SetColor
    main.o(i.main) refers to gui_core.o(i.GUI_Clear) for GUI_Clear
    main.o(i.main) refers to gui_setfont.o(i.GUI_SetFont) for GUI_SetFont
    main.o(i.main) refers to gui_dispstringat.o(i.GUI_DispStringAt) for GUI_DispStringAt
    main.o(i.main) refers to main.o(.constdata) for .constdata
    main.o(i.main) refers to f24_ascii.o(.constdata) for GUI_Font24_ASCII
    gpio.o(i.MX_GPIO_Init) refers to stm32f1xx_hal_gpio.o(i.HAL_GPIO_WritePin) for HAL_GPIO_WritePin
    gpio.o(i.MX_GPIO_Init) refers to stm32f1xx_hal_gpio.o(i.HAL_GPIO_Init) for HAL_GPIO_Init
    crc.o(i.MX_CRC_Init) refers to stm32f1xx_hal_crc.o(i.HAL_CRC_Init) for HAL_CRC_Init
    crc.o(i.MX_CRC_Init) refers to main.o(i.Error_Handler) for Error_Handler
    crc.o(i.MX_CRC_Init) refers to crc.o(.data) for .data
    stm32f1xx_it.o(i.SysTick_Handler) refers to stm32f1xx_hal.o(i.HAL_IncTick) for HAL_IncTick
    stm32f1xx_it.o(i.SysTick_Handler) refers to gui_x.o(.data) for OS_TimeMS
    stm32f1xx_hal_crc.o(i.HAL_CRC_DeInit) refers to crc.o(i.HAL_CRC_MspDeInit) for HAL_CRC_MspDeInit
    stm32f1xx_hal_crc.o(i.HAL_CRC_Init) refers to crc.o(i.HAL_CRC_MspInit) for HAL_CRC_MspInit
    stm32f1xx_hal.o(i.HAL_DeInit) refers to stm32f1xx_hal.o(i.HAL_MspDeInit) for HAL_MspDeInit
    stm32f1xx_hal.o(i.HAL_Delay) refers to stm32f1xx_hal.o(i.HAL_GetTick) for HAL_GetTick
    stm32f1xx_hal.o(i.HAL_Delay) refers to stm32f1xx_hal.o(.data) for .data
    stm32f1xx_hal.o(i.HAL_GetTick) refers to stm32f1xx_hal.o(.data) for .data
    stm32f1xx_hal.o(i.HAL_GetTickFreq) refers to stm32f1xx_hal.o(.data) for .data
    stm32f1xx_hal.o(i.HAL_GetTickPrio) refers to stm32f1xx_hal.o(.data) for .data
    stm32f1xx_hal.o(i.HAL_IncTick) refers to stm32f1xx_hal.o(.data) for .data
    stm32f1xx_hal.o(i.HAL_Init) refers to stm32f1xx_hal_cortex.o(i.HAL_NVIC_SetPriorityGrouping) for HAL_NVIC_SetPriorityGrouping
    stm32f1xx_hal.o(i.HAL_Init) refers to stm32f1xx_hal.o(i.HAL_InitTick) for HAL_InitTick
    stm32f1xx_hal.o(i.HAL_Init) refers to stm32f1xx_hal_msp.o(i.HAL_MspInit) for HAL_MspInit
    stm32f1xx_hal.o(i.HAL_InitTick) refers to stm32f1xx_hal_cortex.o(i.HAL_SYSTICK_Config) for HAL_SYSTICK_Config
    stm32f1xx_hal.o(i.HAL_InitTick) refers to stm32f1xx_hal_cortex.o(i.HAL_NVIC_SetPriority) for HAL_NVIC_SetPriority
    stm32f1xx_hal.o(i.HAL_InitTick) refers to stm32f1xx_hal.o(.data) for .data
[...]
    LCD_FillRect                             0x08002101   Thumb Code    80  lcd.o(i.LCD_FillRect)
    LCD_GetBitsPerPixelEx                    0x08002159   Thumb Code     6  lcd_getex.o(i.LCD_GetBitsPerPixelEx)
    LCD_GetBkColorIndex                      0x08002161   Thumb Code    10  lcd_getcolorindex.o(i.LCD_GetBkColorIndex)
    LCD_GetColorIndex                        0x08002171   Thumb Code    10  lcd_getcolorindex.o(i.LCD_GetColorIndex)
    LCD_GetNumColors                         0x08002181   Thumb Code    12  lcd_getex.o(i.LCD_GetNumColors)
    LCD_GetNumColorsEx                       0x08002191   Thumb Code     6  lcd_getex.o(i.LCD_GetNumColorsEx)
    LCD_GetNumLayers                         0x08002197   Thumb Code    26  lcd_getnumdisplays.o(i.LCD_GetNumLayers)
    LCD_GetPalette                           0x080021b1   Thumb Code    10  lcd_getex.o(i.LCD_GetPalette)
    LCD_GetPaletteEx                         0x080021c1   Thumb Code    24  lcd_getex.o(i.LCD_GetPaletteEx)
    LCD_GetXSizeDisplay                      0x080021d9   Thumb Code     6  lcd_getex.o(i.LCD_GetXSizeDisplay)
    LCD_GetXSizeMax                          0x080021e5   Thumb Code     6  lcd_getex.o(i.LCD_GetXSizeMax)
    LCD_GetYSizeDisplay                      0x080021ed   Thumb Code     6  lcd_getex.o(i.LCD_GetYSizeDisplay)
    LCD_GetYSizeMax                          0x080021f9   Thumb Code     6  lcd_getex.o(i.LCD_GetYSizeMax)
    LCD_GetpPalConvTableBM                   0x080021ff   Thumb Code     4  lcd_color.o(i.LCD_GetpPalConvTableBM)
    LCD_GetpPalConvTableUncached             0x08002205   Thumb Code    68  lcd_color.o(i.LCD_GetpPalConvTableUncached)
    LCD_Index2Color                          0x0800224d   Thumb Code    18  lcd.o(i.LCD_Index2Color)
    LCD_Index2Color_565                      0x08002269   Thumb Code    34  guicc_565.o(i.LCD_Index2Color_565)
    LCD_InitColors                           0x08002295   Thumb Code    42  lcd_color.o(i.LCD_InitColors)
    LCD_InitLUT                              0x080022c9   Thumb Code   112  lcd_color.o(i.LCD_InitLUT)
    LCD_SelectLCD                            0x08002345   Thumb Code    56  lcd_selectlcd.o(i.LCD_SelectLCD)
    LCD_SetBkColor                           0x08002385   Thumb Code     8  lcd.o(i.LCD_SetBkColor)
    LCD_SetBkColorIndex                      0x08002391   Thumb Code    20  lcd.o(i.LCD_SetBkColorIndex)
    LCD_SetClipRectEx                        0x080023a9   Thumb Code    38  lcd_setcliprectex.o(i.LCD_SetClipRectEx)
    LCD_SetClipRectMax                       0x080023d9   Thumb Code    20  lcd.o(i.LCD_SetClipRectMax)
    LCD_SetColor                             0x080023f5   Thumb Code     8  lcd.o(i.LCD_SetColor)
    LCD_SetColorIndex                        0x08002401   Thumb Code    20  lcd.o(i.LCD_SetColorIndex)
    LCD_SetDisplaySize                       0x08002419   Thumb Code     8  lcd_getex.o(i.LCD_SetDisplaySize)
    LCD_SetDrawMode                          0x08002425   Thumb Code     8  lcd.o(i.LCD_SetDrawMode)
    LCD_SetLUTEntryEx                        0x08002431   Thumb Code    44  lcd_set.o(i.LCD_SetLUTEntryEx)
    LCD_SetSizeEx                            0x0800245d   Thumb Code    44  lcd_set.o(i.LCD_SetSizeEx)
    LCD_SetVSizeEx                           0x08002489   Thumb Code    44  lcd_set.o(i.LCD_SetVSizeEx)
    LCD_UpdateColorIndices                   0x080024b5   Thumb Code    32  lcd_updatecolorindices.o(i.LCD_UpdateColorIndices)
    LCD_X_Config                             0x080024d9   Thumb Code    98  lcdconf_flexcolor_template.o(i.LCD_X_Config)
    LCD_X_DisplayDriver                      0x0800255d   Thumb Code    20  lcdconf_flexcolor_template.o(i.LCD_X_DisplayDriver)
    LCD__DrawBitmap_1bpp                     0x08002571   Thumb Code   424  lcd.o(i.LCD__DrawBitmap_1bpp)
    LCD__GetBPP                              0x08002725   Thumb Code    92  lcd_getex.o(i.LCD__GetBPP)
    LCD__GetBPPDevice                        0x08002781   Thumb Code    50  lcd_getex.o(i.LCD__GetBPPDevice)
    MX_CRC_Init                              0x080027d9   Thumb Code    28  crc.o(i.MX_CRC_Init)
    MX_GPIO_Init                             0x080027fd   Thumb Code   298  gpio.o(i.MX_GPIO_Init)
    MemManage_Handler                        0x08002941   Thumb Code     2  stm32f1xx_it.o(i.MemManage_Handler)
    NMI_Handler                              0x08002943   Thumb Code     2  stm32f1xx_it.o(i.NMI_Handler)
    PendSV_Handler                           0x08002965   Thumb Code     2  stm32f1xx_it.o(i.PendSV_Handler)
    SVC_Handler                              0x08002967   Thumb Code     2  stm32f1xx_it.o(i.SVC_Handler)
    SysTick_Handler                          0x08002969   Thumb Code    12  stm32f1xx_it.o(i.SysTick_Handler)
    SystemClock_Config                       0x08002979   Thumb Code    78  main.o(i.SystemClock_Config)
    SystemInit                               0x080029c9   Thumb Code    56  system_stm32f1xx.o(i.SystemInit)
    UsageFault_Handler                       0x08002a11   Thumb Code     2  stm32f1xx_it.o(i.UsageFault_Handler)
    WM_Activate                              0x08002a15   Thumb Code    12  wm.o(i.WM_Activate)
    WM_BringToBottom                         0x08002a25   Thumb Code   126  wm_bringtobottom.o(i.WM_BringToBottom)
    WM_CreateWindowAsChild                   0x08002aa5   Thumb Code   316  wm.o(i.WM_CreateWindowAsChild)
    WM_DefaultProc                           0x08002bed   Thumb Code    70  wm.o(i.WM_DefaultProc)
    WM_GetDesktopWindow                      0x08002c35   Thumb Code    14  wm_getdesktopwindow.o(i.WM_GetDesktopWindow)
    WM_GetFirstChild                         0x08002c4d   Thumb Code    14  wm_getfirstchild.o(i.WM_GetFirstChild)
    WM_GetParent                             0x08002c5b   Thumb Code    14  wm_getparent.o(i.WM_GetParent)
    WM_Init                                  0x08002c69   Thumb Code   184  wm.o(i.WM_Init)
    WM_InvalidateRect                        0x08002d3d   Thumb Code   118  wm.o(i.WM_InvalidateRect)
    WM_InvalidateWindow                      0x08002db3   Thumb Code     6  wm.o(i.WM_InvalidateWindow)
    WM_InvalidateWindowAndDescsEx            0x08002db9   Thumb Code    94  wm.o(i.WM_InvalidateWindowAndDescsEx)
    WM_SelectWindow                          0x08002e19   Thumb Code    52  wm.o(i.WM_SelectWindow)
    WM_SendToParent                          0x08002e55   Thumb Code    30  wm_sendtoparent.o(i.WM_SendToParent)
    WM__ActivateClipRect                     0x08002e75   Thumb Code    58  wm.o(i.WM__ActivateClipRect)
    WM__AddCriticalHandle                    0x08002ebd   Thumb Code    10  wm_criticalhandle.o(i.WM__AddCriticalHandle)
    WM__Client2Screen                        0x08002ecd   Thumb Code    16  wm.o(i.WM__Client2Screen)
    WM__ClipAtParentBorders                  0x08002edd   Thumb Code    78  wm.o(i.WM__ClipAtParentBorders)
    WM__GetClientRectEx                      0x08002f2b   Thumb Code    32  wm_getclientrect.o(i.WM__GetClientRectEx)
    WM__GetClientRectWin                     0x08002f4b   Thumb Code    24  wm.o(i.WM__GetClientRectWin)
    WM__GetFirstSibling                      0x08002f63   Thumb Code    18  wm__getfirstsibling.o(i.WM__GetFirstSibling)
    WM__GetNextIVR                           0x08002f75   Thumb Code    54  wm.o(i.WM__GetNextIVR)
    WM__GetPrevSibling                       0x08002fb5   Thumb Code    36  wm__getprevsibling.o(i.WM__GetPrevSibling)
    WM__GetTopLevelLayer                     0x08002fd9   Thumb Code    24  wm.o(i.WM__GetTopLevelLayer)
    WM__InitIVRSearch                        0x08002ff1   Thumb Code   228  wm.o(i.WM__InitIVRSearch)
    WM__InsertWindowIntoList                 0x080030e1   Thumb Code   164  wm.o(i.WM__InsertWindowIntoList)
    WM__Invalidate1Abs                       0x08003185   Thumb Code     6  wm.o(i.WM__Invalidate1Abs)
    WM__InvalidateDrawAndDescs               0x0800318d   Thumb Code    78  wm.o(i.WM__InvalidateDrawAndDescs)
    WM__InvalidateRect                       0x080031e1   Thumb Code   118  wm.o(i.WM__InvalidateRect)
    WM__InvalidateRectEx                     0x08003257   Thumb Code     6  wm.o(i.WM__InvalidateRectEx)
    WM__RectIsNZ                             0x0800325d   Thumb Code    32  wm.o(i.WM__RectIsNZ)
    WM__SelectTopLevelLayer                  0x0800327d   Thumb Code    20  wm.o(i.WM__SelectTopLevelLayer)
    WM__SendMessage                          0x08003291   Thumb Code    54  wm__sendmessage.o(i.WM__SendMessage)
    WM__SendMsgNoData                        0x080032cd   Thumb Code    14  wm.o(i.WM__SendMsgNoData)
    __scatterload_copy                       0x08005cb1   Thumb Code    14  handlers.o(i.__scatterload_copy)
    __scatterload_null                       0x08005cbf   Thumb Code     2  handlers.o(i.__scatterload_null)
    __scatterload_zeroinit                   0x08005cc1   Thumb Code    14  handlers.o(i.__scatterload_zeroinit)
    app_lcd_init                             0x08005d21   Thumb Code    38  app_lcd.o(i.app_lcd_init)
    drv_lcd_backlight_control                0x08005d49   Thumb Code    22  drv_lcd.o(i.drv_lcd_backlight_control)
    drv_lcd_display_control                  0x08005d65   Thumb Code    16  drv_lcd.o(i.drv_lcd_display_control)
    drv_lcd_init                             0x08005d75   Thumb Code   504  drv_lcd.o(i.drv_lcd_init)
    drv_lcd_set_display_range                0x08005f6d   Thumb Code    84  drv_lcd.o(i.drv_lcd_set_display_range)
    emWin_LCD_Init                           0x08005fc1   Thumb Code   138  lcd.o(i.emWin_LCD_Init)
    lcd_color_clear                          0x0800604b   Thumb Code    58  app_lcd.o(i.lcd_color_clear)
    lcd_display_bmp_with_empty_background    0x080060b5   Thumb Code   102  app_lcd.o(i.lcd_display_bmp_with_empty_background)
    lcd_display_pixel                        0x0800611b   Thumb Code    28  app_lcd.o(i.lcd_display_pixel)
    lcd_write_cmd8                           0x08006199   Thumb Code    54  drv_lcd.o(i.lcd_write_cmd8)
    lcd_write_dat16                          0x080061d5   Thumb Code    78  drv_lcd.o(i.lcd_write_dat16)
    lcd_write_dat8                           0x08006229   Thumb Code    54  drv_lcd.o(i.lcd_write_dat8)
    main                                     0x08006265   Thumb Code   140  main.o(i.main)
    my_mem_init                              0x08006305   Thumb Code    50  malloc.o(i.my_mem_init)
    my_mem_perused                           0x08006341   Thumb Code    48  malloc.o(i.my_mem_perused)
    mymemset                                 0x08006379   Thumb Code    14  malloc.o(i.mymemset)
    gImage_trumpet                           0x08006386   Data         336  main.o(.constdata)
    AHBPrescTable                            0x080064d6   Data          16  system_stm32f1xx.o(.constdata)
    memtblsize                               0x080064e8   Data           8  malloc.o(.constdata)
    memblksize                               0x080064f0   Data           8  malloc.o(.constdata)
    memsize                                  0x080064f8   Data           8  malloc.o(.constdata)
    LCD_API_ColorConv_565                    0x08006508   Data          24  guicc_565.o(.constdata)
    GUIDRV_FlexColor_API                     0x08006520   Data          52  guidrv_flexcolor.o(.constdata)
    GUI_Font6x8                              0x08006c88   Data          36  f6x8.o(.constdata)
    GUI_Font24_ASCII_CharInfo                0x08007c3c   Data         760  f24_ascii.o(.constdata)
    GUI_Font24_ASCII_Prop1                   0x08007f34   Data          12  f24_ascii.o(.constdata)
    GUI_Font24_ASCII                         0x08007f40   Data          36  f24_ascii.o(.constdata)
    GUI_MEMDEV_DEVICE_16                     0x08007fa4   Data          52  guidev_16.o(.constdata)
    GUI__aConvert_31_255                     0x08007fd8   Data          32  gui__divtbl_31_255.o(.constdata)
    GUI__aConvert_63_255                     0x08007ff8   Data          64  gui__divtbl_63_255.o(.constdata)
    GUI__aConvert_255_31                     0x08008038   Data         256  gui__divtbl_255_31.o(.constdata)
    GUI__aConvert_255_63                     0x08008138   Data         256  gui__divtbl_255_63.o(.constdata)
    GUI_UC_None                              0x08008238   Data          16  gui_uc_encodenone.o(.constdata)
    LCD_aMirror                              0x08008254   Data         256  lcd_mirror.o(.constdata)
    LCD_API_ColorConv_0                      0x0800835c   Data          24  guicc_0.o(.constdata)
    Region$$Table$$Base                      0x08008374   Number         0  anon$$obj.o(Region$$Table)
    Region$$Table$$Limit                     0x08008394   Number         0  anon$$obj.o(Region$$Table)
    hcrc                                     0x20000000   Data           8  crc.o(.data)
    uwTickFreq                               0x20000008   Data           1  stm32f1xx_hal.o(.data)
    uwTickPrio                               0x2000000c   Data           4  stm32f1xx_hal.o(.data)
    uwTick                                   0x20000010   Data           4  stm32f1xx_hal.o(.data)
    SystemCoreClock                          0x20000014   Data           4  system_stm32f1xx.o(.data)
    OS_TimeMS                                0x20000018   Data           4  gui_x.o(.data)
    mallco_dev                               0x2000001c   Data          28  malloc.o(.data)
    GUI_DecChar                              0x20000040   Data           1  gui_core.o(.data)
    GUI__IsInitialized                       0x20000041   Data           1  gui_core.o(.data)
    GUI_pfGetpPalConvTable                   0x20000044   Data           4  gui_core.o(.data)
    GUI__pFontDefault                        0x20000048   Data           4  gui_core.o(.data)
    GUI_pContext                             0x2000004c   Data           4  gui_core.o(.data)
    GUI_pUC_API                              0x20000050   Data           4  gui_core.o(.data)
    GUI__apDevice                            0x20000064   Data           8  gui_core.o(.data)
    GUI_pfDispCharStyle                      0x2000006c   Data           4  gui_core.o(.data)
    GUI_pLCD_APIList                         0x20000070   Data           4  gui_core.o(.data)
    GUI_OrgX                                 0x20000074   Data           2  gui_core.o(.data)
    GUI_OrgY                                 0x20000076   Data           2  gui_core.o(.data)
    LCD__pSetColorAPI                        0x200000a4   Data           4  lcd.o(.data)
    LCD__aConvTable                          0x200000ac   Data           4  lcd_color.o(.data)
    WM__PaintCallbackCnt                     0x200000b8   Data           1  wm.o(.data)
    WM__NumWindows                           0x200000ba   Data           2  wm.o(.data)
    WM__NumInvalidWindows                    0x200000bc   Data           2  wm.o(.data)
    WM__TouchedLayer                         0x200000c4   Data           4  wm.o(.data)
    WM__FirstWin                             0x200000c8   Data           4  wm.o(.data)
    WM__pFirstCriticalHandle                 0x200000cc   Data           4  wm.o(.data)
    WM__CreateFlags                          0x200000d0   Data           4  wm.o(.data)
    WM_pfPollPID                             0x200000d4   Data           4  wm.o(.data)
    WM_MULTIBUF__pAPI                        0x200000d8   Data           4  wm.o(.data)
    WM__TransWindowCnt                       0x200000dc   Data           4  wm.o(.data)
    WM__hATransWindow                        0x200000e0   Data           4  wm.o(.data)
    WM__hCreateStatic                        0x200000e4   Data           4  wm.o(.data)
    WM__pExecGestures                        0x200000e8   Data           4  wm.o(.data)
    WM__ahDesktopWin                         0x200000fc   Data           8  wm.o(.data)
    WM__aBkColor                             0x20000104   Data           8  wm.o(.data)
    WM__ahCapture                            0x2000010c   Data           8  wm.o(.data)
    WM__ahWinFocus                           0x20000114   Data           8  wm.o(.data)
    GUI_CharLine_pfLog2Vis                   0x20000134   Data           4  gui_charline.o(.data)
    mem1base                                 0x20005160   Data       10240  malloc.o(.bss)
    mem1mapbase                              0x20007960   Data         640  malloc.o(.bss)
    GUI_ALLOC__Context                       0x20007be0   Data         192  gui_alloc.o(.bss)
    WM__aCHWinModal                          0x20007da4   Data          16  wm_touch.o(.bss)
    WM__aCHWinLast                           0x20007db4   Data          16  wm_touch.o(.bss)
    WM__aCHWinMouseOver                      0x20007dc4   Data          16  wm_touch.o(.bss)
    __initial_sp                             0x200081d8   Data           0  startup_stm32f103xe.o(STACK)
    mem2base                                 0x68000000   Data       245760  malloc.o(.ARM.__AT_0x68000000)
    mem2mapbase                              0x6803c000   Data       15360  malloc.o(.ARM.__AT_0x6803C000)



==============================================================================

Memory Map of the image

  Image Entry point : 0x08000131

  Load Region LR_IROM1 (Base: 0x08000000, Size: 0x000084ec, Max: 0x0007c000, ABSOLUTE, COMPRESSED[0x000083e8])

    Execution Region ER_IROM1 (Exec base: 0x08000000, Load base: 0x08000000, Size: 0x00008394, Max: 0x0007c000, ABSOLUTE)

    Exec Addr    Load Addr    Size         Type   Attr      Idx    E Section Name        Object

    0x08000000   0x08000000   0x00000130   Data   RO            3    RESET               startup_stm32f103xe.o
    0x08000130   0x08000130   0x00000000   Code   RO         3713  * .ARM.Collect$$$$00000000  mc_w.l(entry.o)
    0x08000130   0x08000130   0x00000004   Code   RO         3730    .ARM.Collect$$$$00000001  mc_w.l(entry2.o)
    0x08000134   0x08000134   0x00000004   Code   RO         3733    .ARM.Collect$$$$00000004  mc_w.l(entry5.o)
    0x08000138   0x08000138   0x00000000   Code   RO         3735    .ARM.Collect$$$$00000008  mc_w.l(entry7b.o)
    0x08000138   0x08000138   0x00000000   Code   RO         3737    .ARM.Collect$$$$0000000A  mc_w.l(entry8b.o)
    0x08000138   0x08000138   0x00000008   Code   RO         3738    .ARM.Collect$$$$0000000B  mc_w.l(entry9a.o)
    0x08000140   0x08000140   0x00000000   Code   RO         3740    .ARM.Collect$$$$0000000D  mc_w.l(entry10a.o)
    0x08000140   0x08000140   0x00000000   Code   RO         3742    .ARM.Collect$$$$0000000F  mc_w.l(entry11a.o)
    0x08000140   0x08000140   0x00000004   Code   RO         3731    .ARM.Collect$$$$00002712  mc_w.l(entry2.o)
    0x08000144   0x08000144   0x00000024   Code   RO            4    .text               startup_stm32f103xe.o
    0x08000168   0x08000168   0x00000040   Code   RO         3720    .text               mc_w.l(memmovea.o)
    0x080001a8   0x080001a8   0x00000024   Code   RO         3722    .text               mc_w.l(memseta.o)
    0x080001cc   0x080001cc   0x00000024   Code   RO         3744    .text               mc_w.l(init.o)
    0x080001f0   0x080001f0   0x0000003a   Code   RO         3754    .text               mc_w.l(__dczerorl.o)
    0x0800022a   0x0800022a   0x00000002   Code   RO          243    i.BusFault_Handler  stm32f1xx_it.o
    0x0800022c   0x0800022c   0x00000002   Code   RO          244    i.DebugMon_Handler  stm32f1xx_it.o
    0x0800022e   0x0800022e   0x00000002   Code   RO           13    i.Error_Handler     main.o
    0x08000230   0x08000230   0x00000040   Code   RO         2387    i.GUIDRV_FlexColor_Config  STemWin532_CM3_Keil.lib(guidrv_flexcolor.o)
    0x08000270   0x08000270   0x00000032   Code   RO         2388    i.GUIDRV_FlexColor_SetFunc  STemWin532_CM3_Keil.lib(guidrv_flexcolor.o)
    0x080002a2   0x080002a2   0x00000002   PAD
    0x080002a4   0x080002a4   0x0000006c   Code   RO         2518    i.GUIDRV_FlexColor_SetFunc66709  STemWin532_CM3_Keil.lib(guidrv_flexcolor_func66709.o)
    0x08000310   0x08000310   0x00000068   Code   RO         2496    i.GUIDRV_FlexColor_SetMode16bppC0B8  STemWin532_CM3_Keil.lib(guidrv_flexcolor_16bpp_c0b8.o)
    0x08000378   0x08000378   0x000000c0   Code   RO         2392    i.GUIDRV_FlexColor__GetPixelIndexNoCache  STemWin532_CM3_Keil.lib(guidrv_flexcolor.o)
    0x08000438   0x08000438   0x00000038   Code   RO         2393    i.GUIDRV_FlexColor__InitOnce  STemWin532_CM3_Keil.lib(guidrv_flexcolor.o)
    0x08000470   0x08000470   0x00000038   Code   RO         2398    i.GUIDRV_FlexColor__SetLog2Phys  STemWin532_CM3_Keil.lib(guidrv_flexcolor.o)
    0x080004a8   0x080004a8   0x0000009c   Code   RO         2400    i.GUIDRV_FlexColor__SetPixelIndexNoCache  STemWin532_CM3_Keil.lib(guidrv_flexcolor.o)
    0x08000544   0x08000544   0x00000134   Code   RO         2704    i.GUIMONO_DispChar  STemWin532_CM3_Keil.lib(gui_charm.o)
    0x08000678   0x08000678   0x00000018   Code   RO         2705    i.GUIMONO_GetCharDistX  STemWin532_CM3_Keil.lib(gui_charm.o)
    0x08000690   0x08000690   0x00000006   Code   RO         2706    i.GUIMONO_GetFontInfo  STemWin532_CM3_Keil.lib(gui_charm.o)
    0x08000696   0x08000696   0x00000038   Code   RO         2707    i.GUIMONO_IsInFont  STemWin532_CM3_Keil.lib(gui_charm.o)
    0x080006ce   0x080006ce   0x00000002   PAD
    0x080006d0   0x080006d0   0x000000c8   Code   RO         2712    i.GUIPROP_DispChar  STemWin532_CM3_Keil.lib(gui_charp.o)
    0x08000798   0x08000798   0x00000040   Code   RO         2713    i.GUIPROP_GetCharDistX  STemWin532_CM3_Keil.lib(gui_charp.o)
    0x080007d8   0x080007d8   0x00000006   Code   RO         2714    i.GUIPROP_GetFontInfo  STemWin532_CM3_Keil.lib(gui_charp.o)
    0x080007de   0x080007de   0x00000010   Code   RO         2715    i.GUIPROP_IsInFont  STemWin532_CM3_Keil.lib(gui_charp.o)
    0x080007ee   0x080007ee   0x00000016   Code   RO         2716    i.GUIPROP__FindChar  STemWin532_CM3_Keil.lib(gui_charp.o)
    0x08000804   0x08000804   0x0000000a   Code   RO         2101    i.GUI_ALLOC_AllocNoInit  STemWin532_CM3_Keil.lib(gui_alloc.o)
    0x0800080e   0x0800080e   0x00000024   Code   RO         2957    i.GUI_ALLOC_AllocZero  STemWin532_CM3_Keil.lib(gui_alloc_alloczero.o)
    0x08000832   0x08000832   0x00000002   PAD
    0x08000834   0x08000834   0x00000010   Code   RO         2102    i.GUI_ALLOC_AssignMemory  STemWin532_CM3_Keil.lib(gui_alloc.o)
    0x08000844   0x08000844   0x00000038   Code   RO         2103    i.GUI_ALLOC_Free    STemWin532_CM3_Keil.lib(gui_alloc.o)
    0x0800087c   0x0800087c   0x00000018   Code   RO         2104    i.GUI_ALLOC_FreeFixedBlock  STemWin532_CM3_Keil.lib(gui_alloc.o)
    0x08000894   0x08000894   0x000000b0   Code   RO         2107    i.GUI_ALLOC_GetFixedBlock  STemWin532_CM3_Keil.lib(gui_alloc.o)
    0x08000944   0x08000944   0x0000001c   Code   RO         2117    i.GUI_ALLOC_LockH   STemWin532_CM3_Keil.lib(gui_alloc.o)
    0x08000960   0x08000960   0x00000030   Code   RO         2123    i.GUI_ALLOC_UnlockH  STemWin532_CM3_Keil.lib(gui_alloc.o)
    0x08000990   0x08000990   0x00000018   Code   RO         2124    i.GUI_ALLOC_h2p     STemWin532_CM3_Keil.lib(gui_alloc.o)
    0x080009a8   0x080009a8   0x0000003c   Code   RO         3213    i.GUI_CalcColorDist  STemWin532_CM3_Keil.lib(gui_calccolordist.o)
    0x080009e4   0x080009e4   0x0000001c   Code   RO         2177    i.GUI_Clear         STemWin532_CM3_Keil.lib(gui_core.o)
    0x08000a00   0x08000a00   0x00000060   Code   RO         2178    i.GUI_ClearRect     STemWin532_CM3_Keil.lib(gui_core.o)
    0x08000a60   0x08000a60   0x00000050   Code   RO         2215    i.GUI_DEVICE_Create  STemWin532_CM3_Keil.lib(gui_device.o)
    0x08000ab0   0x08000ab0   0x00000028   Code   RO         2216    i.GUI_DEVICE_CreateAndLink  STemWin532_CM3_Keil.lib(gui_device.o)
    0x08000ad8   0x08000ad8   0x00000004   Code   RO         2217    i.GUI_DEVICE_Delete  STemWin532_CM3_Keil.lib(gui_device.o)
    0x08000adc   0x08000adc   0x00000088   Code   RO         2218    i.GUI_DEVICE_Link   STemWin532_CM3_Keil.lib(gui_device.o)
    0x08000b64   0x08000b64   0x00000030   Code   RO         2220    i.GUI_DEVICE_Unlink  STemWin532_CM3_Keil.lib(gui_device.o)
    0x08000b94   0x08000b94   0x00000024   Code   RO         2223    i.GUI_DEVICE__GetpDriver  STemWin532_CM3_Keil.lib(gui_device.o)
    0x08000bb8   0x08000bb8   0x00000100   Code   RO         2722    i.GUI_DispString    STemWin532_CM3_Keil.lib(gui_dispstring.o)
    0x08000cb8   0x08000cb8   0x00000010   Code   RO         2233    i.GUI_DispStringAt  STemWin532_CM3_Keil.lib(gui_dispstringat.o)
    0x08000cc8   0x08000cc8   0x00000014   Code   RO         2252    i.GUI_GetBitsPerPixelEx  STemWin532_CM3_Keil.lib(lcd_getex.o)
    0x08000cdc   0x08000cdc   0x0000000e   Code   RO         2984    i.GUI_GetBkColor    STemWin532_CM3_Keil.lib(gui_getcolor.o)
    0x08000cea   0x08000cea   0x00000002   PAD
    0x08000cec   0x08000cec   0x00000010   Code   RO         2961    i.GUI_GetCharDistX  STemWin532_CM3_Keil.lib(gui_char.o)
    0x08000cfc   0x08000cfc   0x00000010   Code   RO         2962    i.GUI_GetCharDistXEx  STemWin532_CM3_Keil.lib(gui_char.o)
    0x08000d0c   0x08000d0c   0x0000000e   Code   RO         2986    i.GUI_GetColor      STemWin532_CM3_Keil.lib(gui_getcolor.o)
    0x08000d1a   0x08000d1a   0x00000002   PAD
    0x08000d1c   0x08000d1c   0x00000010   Code   RO         2963    i.GUI_GetFontDistY  STemWin532_CM3_Keil.lib(gui_char.o)
    0x08000d2c   0x08000d2c   0x00000030   Code   RO         2964    i.GUI_GetYAdjust    STemWin532_CM3_Keil.lib(gui_char.o)
    0x08000d5c   0x08000d5c   0x00000010   Code   RO         2253    i.GUI_GetpfColor2IndexEx  STemWin532_CM3_Keil.lib(lcd_getex.o)
    0x08000d6c   0x08000d6c   0x00000010   Code   RO         2254    i.GUI_GetpfIndex2ColorEx  STemWin532_CM3_Keil.lib(lcd_getex.o)
    0x08000d7c   0x08000d7c   0x00000014   Code   RO         2725    i.GUI_GotoXY        STemWin532_CM3_Keil.lib(gui_goto.o)
    0x08000d90   0x08000d90   0x00000084   Code   RO         2180    i.GUI_Init          STemWin532_CM3_Keil.lib(gui_core.o)
    0x08000e14   0x08000e14   0x00000040   Code   RO         3093    i.GUI_MEMDEV_Delete  STemWin532_CM3_Keil.lib(guidev.o)
    0x08000e54   0x08000e54   0x00000024   Code   RO         3094    i.GUI_MEMDEV_GetBitsPerPixel  STemWin532_CM3_Keil.lib(guidev.o)
    0x08000e78   0x08000e78   0x0000001a   Code   RO         3116    i.GUI_MEMDEV_GetDataPtr  STemWin532_CM3_Keil.lib(guidev_getdataptr.o)
    0x08000e92   0x08000e92   0x0000003e   Code   RO         2807    i.GUI_MEMDEV__WriteToActiveOpaque  STemWin532_CM3_Keil.lib(guidev_writetoactiveopaque.o)
    0x08000ed0   0x08000ed0   0x00000058   Code   RO         2992    i.GUI_MergeRect     STemWin532_CM3_Keil.lib(gui_mergerect.o)
    0x08000f28   0x08000f28   0x0000001e   Code   RO         2994    i.GUI_MoveRect      STemWin532_CM3_Keil.lib(gui_moverect.o)
    0x08000f46   0x08000f46   0x00000038   Code   RO         3018    i.GUI_RectsIntersect  STemWin532_CM3_Keil.lib(gui_rectsintersect.o)
    0x08000f7e   0x08000f7e   0x00000012   Code   RO         3281    i.GUI_SelectLCD     STemWin532_CM3_Keil.lib(gui_selectlcd.o)
    0x08000f90   0x08000f90   0x00000030   Code   RO         3028    i.GUI_SelectLayer   STemWin532_CM3_Keil.lib(gui_selectlayer.o)
    0x08000fc0   0x08000fc0   0x00000004   Code   RO         2235    i.GUI_SetBkColor    STemWin532_CM3_Keil.lib(gui_setcolor.o)
    0x08000fc4   0x08000fc4   0x00000004   Code   RO         2236    i.GUI_SetColor      STemWin532_CM3_Keil.lib(gui_setcolor.o)
    0x08000fc8   0x08000fc8   0x0000000c   Code   RO         2182    i.GUI_SetDefaultFont  STemWin532_CM3_Keil.lib(gui_core.o)
    0x08000fd4   0x08000fd4   0x00000014   Code   RO         2239    i.GUI_SetFont       STemWin532_CM3_Keil.lib(gui_setfont.o)
    0x08000fe8   0x08000fe8   0x00000038   Code   RO         2734    i.GUI_SetOrg        STemWin532_CM3_Keil.lib(gui_setorg.o)
    0x08001020   0x08001020   0x00000010   Code   RO         3064    i.GUI_SignalEvent   STemWin532_CM3_Keil.lib(gui_waitevent.o)
    0x08001030   0x08001030   0x00000010   Code   RO         3002    i.GUI_StoreKey      STemWin532_CM3_Keil.lib(gui_onkey.o)
    0x08001040   0x08001040   0x0000002c   Code   RO         3051    i.GUI_UC__GetCharCodeInc  STemWin532_CM3_Keil.lib(gui_uc.o)
    0x0800106c   0x0800106c   0x00000028   Code   RO         3053    i.GUI_UC__NumChars2NumBytes  STemWin532_CM3_Keil.lib(gui_uc.o)
    0x08001094   0x08001094   0x00000028   Code   RO         2801    i.GUI_USAGE_AddRect  STemWin532_CM3_Keil.lib(guidev_usage.o)
    0x080010bc   0x080010bc   0x00000024   Code   RO         2802    i.GUI_USAGE_DecUseCnt  STemWin532_CM3_Keil.lib(guidev_usage.o)
    0x080010e0   0x080010e0   0x00000020   Code   RO         1772    i.GUI_X_Config      guiconf.o
    0x08001100   0x08001100   0x00000002   Code   RO         1717    i.GUI_X_ExecIdle    gui_x.o
    0x08001102   0x08001102   0x00000002   Code   RO         1719    i.GUI_X_Init        gui_x.o
    0x08001104   0x08001104   0x00000124   Code   RO         2934    i.GUI__CompactPixelIndices  STemWin532_CM3_Keil.lib(gui__compactpixelindices.o)
    0x08001228   0x08001228   0x00000034   Code   RO         2184    i.GUI__Config       STemWin532_CM3_Keil.lib(gui_core.o)
    0x0800125c   0x0800125c   0x000000b0   Code   RO         2971    i.GUI__DispLine     STemWin532_CM3_Keil.lib(gui_charline.o)
    0x0800130c   0x0800130c   0x00000054   Code   RO         2972    i.GUI__GetLineDistX  STemWin532_CM3_Keil.lib(gui_charline.o)
    0x08001360   0x08001360   0x00000038   Code   RO         2973    i.GUI__GetLineNumChars  STemWin532_CM3_Keil.lib(gui_charline.o)
    0x08001398   0x08001398   0x00000018   Code   RO         2974    i.GUI__GetOverlap   STemWin532_CM3_Keil.lib(gui_charline.o)
    0x080013b0   0x080013b0   0x0000003a   Code   RO         2940    i.GUI__IntersectRect  STemWin532_CM3_Keil.lib(gui__intersectrect.o)
    0x080013ea   0x080013ea   0x00000052   Code   RO         2942    i.GUI__IntersectRects  STemWin532_CM3_Keil.lib(gui__intersectrects.o)
    0x0800143c   0x0800143c   0x00000010   Code   RO         2946    i.GUI__ManageCache  STemWin532_CM3_Keil.lib(gui__managecache.o)
    0x0800144c   0x0800144c   0x000000d4   Code   RO         2947    i.GUI__ManageCacheEx  STemWin532_CM3_Keil.lib(gui__managecache.o)
    0x08001520   0x08001520   0x00000010   Code   RO         2185    i.GUI__RegisterExit  STemWin532_CM3_Keil.lib(gui_core.o)
    0x08001530   0x08001530   0x0000004c   Code   RO         2700    i.GUI__memset       STemWin532_CM3_Keil.lib(gui__memset.o)
    0x0800157c   0x0800157c   0x0000003c   Code   RO         2702    i.GUI__memset16     STemWin532_CM3_Keil.lib(gui__memset16.o)
    0x080015b8   0x080015b8   0x00000022   Code   RO          383    i.HAL_CRC_Init      stm32f1xx_hal_crc.o
    0x080015da   0x080015da   0x00000002   PAD
    0x080015dc   0x080015dc   0x00000028   Code   RO          202    i.HAL_CRC_MspInit   crc.o
    0x08001604   0x08001604   0x000001e8   Code   RO          778    i.HAL_GPIO_Init     stm32f1xx_hal_gpio.o
    0x080017ec   0x080017ec   0x0000000a   Code   RO          782    i.HAL_GPIO_WritePin  stm32f1xx_hal_gpio.o
    0x080017f6   0x080017f6   0x00000002   PAD
    0x080017f8   0x080017f8   0x0000000c   Code   RO          486    i.HAL_GetTick       stm32f1xx_hal.o
    0x08001804   0x08001804   0x00000010   Code   RO          490    i.HAL_IncTick       stm32f1xx_hal.o
    0x08001814   0x08001814   0x00000024   Code   RO          491    i.HAL_Init          stm32f1xx_hal.o
    0x08001838   0x08001838   0x00000040   Code   RO          492    i.HAL_InitTick      stm32f1xx_hal.o
    0x08001878   0x08001878   0x0000003c   Code   RO          319    i.HAL_MspInit       stm32f1xx_hal_msp.o
    0x080018b4   0x080018b4   0x00000040   Code   RO          944    i.HAL_NVIC_SetPriority  stm32f1xx_hal_cortex.o
    0x080018f4   0x080018f4   0x00000024   Code   RO          945    i.HAL_NVIC_SetPriorityGrouping  stm32f1xx_hal_cortex.o
    0x08001918   0x08001918   0x0000016c   Code   RO          638    i.HAL_RCC_ClockConfig  stm32f1xx_hal_rcc.o
    0x08001a84   0x08001a84   0x0000006c   Code   RO          647    i.HAL_RCC_GetSysClockFreq  stm32f1xx_hal_rcc.o
    0x08001af0   0x08001af0   0x00000304   Code   RO          650    i.HAL_RCC_OscConfig  stm32f1xx_hal_rcc.o
    0x08001df4   0x08001df4   0x00000028   Code   RO          949    i.HAL_SYSTICK_Config  stm32f1xx_hal_cortex.o
    0x08001e1c   0x08001e1c   0x00000002   Code   RO          245    i.HardFault_Handler  stm32f1xx_it.o
    0x08001e1e   0x08001e1e   0x00000002   PAD
    0x08001e20   0x08001e20   0x0000001c   Code   RO         2747    i.LCD_Color2Index   STemWin532_CM3_Keil.lib(lcd.o)
    0x08001e3c   0x08001e3c   0x00000204   Code   RO         2748    i.LCD_DrawBitmap    STemWin532_CM3_Keil.lib(lcd.o)
    0x08002040   0x08002040   0x00000058   Code   RO         2749    i.LCD_DrawHLine     STemWin532_CM3_Keil.lib(lcd.o)
    0x08002098   0x08002098   0x00000068   Code   RO         2750    i.LCD_DrawPixel     STemWin532_CM3_Keil.lib(lcd.o)
    0x08002100   0x08002100   0x00000058   Code   RO         2752    i.LCD_FillRect      STemWin532_CM3_Keil.lib(lcd.o)
    0x08002158   0x08002158   0x00000006   Code   RO         2256    i.LCD_GetBitsPerPixelEx  STemWin532_CM3_Keil.lib(lcd_getex.o)
    0x0800215e   0x0800215e   0x00000002   PAD
    0x08002160   0x08002160   0x00000010   Code   RO         3409    i.LCD_GetBkColorIndex  STemWin532_CM3_Keil.lib(lcd_getcolorindex.o)
    0x08002170   0x08002170   0x00000010   Code   RO         3410    i.LCD_GetColorIndex  STemWin532_CM3_Keil.lib(lcd_getcolorindex.o)
    0x08002180   0x08002180   0x00000010   Code   RO         2263    i.LCD_GetNumColors  STemWin532_CM3_Keil.lib(lcd_getex.o)
    0x08002190   0x08002190   0x00000006   Code   RO         2264    i.LCD_GetNumColorsEx  STemWin532_CM3_Keil.lib(lcd_getex.o)
    0x08002196   0x08002196   0x0000001a   Code   RO         3085    i.LCD_GetNumLayers  STemWin532_CM3_Keil.lib(lcd_getnumdisplays.o)
    0x080021b0   0x080021b0   0x00000010   Code   RO         2265    i.LCD_GetPalette    STemWin532_CM3_Keil.lib(lcd_getex.o)
    0x080021c0   0x080021c0   0x00000018   Code   RO         2266    i.LCD_GetPaletteEx  STemWin532_CM3_Keil.lib(lcd_getex.o)
    0x080021d8   0x080021d8   0x0000000c   Code   RO         2278    i.LCD_GetXSizeDisplay  STemWin532_CM3_Keil.lib(lcd_getex.o)
    0x080021e4   0x080021e4   0x00000006   Code   RO         2280    i.LCD_GetXSizeMax   STemWin532_CM3_Keil.lib(lcd_getex.o)
    0x080021ea   0x080021ea   0x00000002   PAD
    0x080021ec   0x080021ec   0x0000000c   Code   RO         2284    i.LCD_GetYSizeDisplay  STemWin532_CM3_Keil.lib(lcd_getex.o)
    0x080021f8   0x080021f8   0x00000006   Code   RO         2286    i.LCD_GetYSizeMax   STemWin532_CM3_Keil.lib(lcd_getex.o)
    0x080021fe   0x080021fe   0x00000004   Code   RO         2786    i.LCD_GetpPalConvTableBM  STemWin532_CM3_Keil.lib(lcd_color.o)
    0x08002202   0x08002202   0x00000002   PAD
    0x08002204   0x08002204   0x00000048   Code   RO         2787    i.LCD_GetpPalConvTableUncached  STemWin532_CM3_Keil.lib(lcd_color.o)
    0x0800224c   0x0800224c   0x0000001c   Code   RO         2753    i.LCD_Index2Color   STemWin532_CM3_Keil.lib(lcd.o)
    0x08002268   0x08002268   0x0000002c   Code   RO         2241    i.LCD_Index2Color_565  STemWin532_CM3_Keil.lib(guicc_565.o)
    0x08002294   0x08002294   0x00000034   Code   RO         2788    i.LCD_InitColors    STemWin532_CM3_Keil.lib(lcd_color.o)
    0x080022c8   0x080022c8   0x0000007c   Code   RO         2789    i.LCD_InitLUT       STemWin532_CM3_Keil.lib(lcd_color.o)
    0x08002344   0x08002344   0x00000040   Code   RO         3678    i.LCD_SelectLCD     STemWin532_CM3_Keil.lib(lcd_selectlcd.o)
    0x08002384   0x08002384   0x0000000c   Code   RO         2754    i.LCD_SetBkColor    STemWin532_CM3_Keil.lib(lcd.o)
    0x08002390   0x08002390   0x00000018   Code   RO         2755    i.LCD_SetBkColorIndex  STemWin532_CM3_Keil.lib(lcd.o)
    0x080023a8   0x080023a8   0x00000030   Code   RO         3087    i.LCD_SetClipRectEx  STemWin532_CM3_Keil.lib(lcd_setcliprectex.o)
    0x080023d8   0x080023d8   0x0000001c   Code   RO         2756    i.LCD_SetClipRectMax  STemWin532_CM3_Keil.lib(lcd.o)
    0x080023f4   0x080023f4   0x0000000c   Code   RO         2757    i.LCD_SetColor      STemWin532_CM3_Keil.lib(lcd.o)
    0x08002400   0x08002400   0x00000018   Code   RO         2758    i.LCD_SetColorIndex  STemWin532_CM3_Keil.lib(lcd.o)
    0x08002418   0x08002418   0x0000000c   Code   RO         2289    i.LCD_SetDisplaySize  STemWin532_CM3_Keil.lib(lcd_getex.o)
    0x08002424   0x08002424   0x0000000c   Code   RO         2759    i.LCD_SetDrawMode   STemWin532_CM3_Keil.lib(lcd.o)
    0x08002430   0x08002430   0x0000002c   Code   RO         2351    i.LCD_SetLUTEntryEx  STemWin532_CM3_Keil.lib(lcd_set.o)
    0x0800245c   0x0800245c   0x0000002c   Code   RO         2355    i.LCD_SetSizeEx     STemWin532_CM3_Keil.lib(lcd_set.o)
    0x08002488   0x08002488   0x0000002c   Code   RO         2359    i.LCD_SetVSizeEx    STemWin532_CM3_Keil.lib(lcd_set.o)
    0x080024b4   0x080024b4   0x00000024   Code   RO         3413    i.LCD_UpdateColorIndices  STemWin532_CM3_Keil.lib(lcd_updatecolorindices.o)
    0x080024d8   0x080024d8   0x00000084   Code   RO         1966    i.LCD_X_Config      lcdconf_flexcolor_template.o
    0x0800255c   0x0800255c   0x00000014   Code   RO         1967    i.LCD_X_DisplayDriver  lcdconf_flexcolor_template.o
    0x08002570   0x08002570   0x000001b4   Code   RO         2760    i.LCD__DrawBitmap_1bpp  STemWin532_CM3_Keil.lib(lcd.o)
    0x08002724   0x08002724   0x0000005c   Code   RO         2290    i.LCD__GetBPP       STemWin532_CM3_Keil.lib(lcd_getex.o)
    0x08002780   0x08002780   0x00000032   Code   RO         2291    i.LCD__GetBPPDevice  STemWin532_CM3_Keil.lib(lcd_getex.o)
    0x080027b2   0x080027b2   0x00000006   Code   RO         1968    i.LcdReadDataMultiple  lcdconf_flexcolor_template.o
    0x080027b8   0x080027b8   0x00000004   Code   RO         1969    i.LcdWriteData      lcdconf_flexcolor_template.o
    0x080027bc   0x080027bc   0x00000016   Code   RO         1970    i.LcdWriteDataMultiple  lcdconf_flexcolor_template.o
    0x080027d2   0x080027d2   0x00000004   Code   RO         1971    i.LcdWriteReg       lcdconf_flexcolor_template.o
    0x080027d6   0x080027d6   0x00000002   PAD
    0x080027d8   0x080027d8   0x00000024   Code   RO          203    i.MX_CRC_Init       crc.o
    0x080027fc   0x080027fc   0x00000144   Code   RO          177    i.MX_GPIO_Init      gpio.o
    0x08002940   0x08002940   0x00000002   Code   RO          246    i.MemManage_Handler  stm32f1xx_it.o
    0x08002942   0x08002942   0x00000002   Code   RO          247    i.NMI_Handler       stm32f1xx_it.o
    0x08002944   0x08002944   0x00000020   Code   RO          951    i.NVIC_SetPriority  stm32f1xx_hal_cortex.o
    0x08002964   0x08002964   0x00000002   Code   RO          248    i.PendSV_Handler    stm32f1xx_it.o
    0x08002966   0x08002966   0x00000002   Code   RO          249    i.SVC_Handler       stm32f1xx_it.o
    0x08002968   0x08002968   0x00000010   Code   RO          250    i.SysTick_Handler   stm32f1xx_it.o
    0x08002978   0x08002978   0x0000004e   Code   RO           14    i.SystemClock_Config  main.o
    0x080029c6   0x080029c6   0x00000002   PAD
    0x080029c8   0x080029c8   0x00000048   Code   RO         1367    i.SystemInit        system_stm32f1xx.o
    0x08002a10   0x08002a10   0x00000002   Code   RO          251    i.UsageFault_Handler  stm32f1xx_it.o
    0x08002a12   0x08002a12   0x00000002   PAD
    0x08002a14   0x08002a14   0x00000010   Code   RO         2818    i.WM_Activate       STemWin532_CM3_Keil.lib(wm.o)
    0x08002a24   0x08002a24   0x0000007e   Code   RO         3144    i.WM_BringToBottom  STemWin532_CM3_Keil.lib(wm_bringtobottom.o)
    0x08002aa2   0x08002aa2   0x00000002   PAD
    0x08002aa4   0x08002aa4   0x00000148   Code   RO         2820    i.WM_CreateWindowAsChild  STemWin532_CM3_Keil.lib(wm.o)
    0x08002bec   0x08002bec   0x00000046   Code   RO         2822    i.WM_DefaultProc    STemWin532_CM3_Keil.lib(wm.o)
    0x08002c32   0x08002c32   0x00000002   PAD
    0x08002c34   0x08002c34   0x00000018   Code   RO         2932    i.WM_GetDesktopWindow  STemWin532_CM3_Keil.lib(wm_getdesktopwindow.o)
    0x08002c4c   0x08002c4c   0x0000000e   Code   RO         3156    i.WM_GetFirstChild  STemWin532_CM3_Keil.lib(wm_getfirstchild.o)
    0x08002c5a   0x08002c5a   0x0000000e   Code   RO         3509    i.WM_GetParent      STemWin532_CM3_Keil.lib(wm_getparent.o)
    0x08002c68   0x08002c68   0x000000d4   Code   RO         2827    i.WM_Init           STemWin532_CM3_Keil.lib(wm.o)
    0x08002d3c   0x08002d3c   0x00000076   Code   RO         2828    i.WM_InvalidateRect  STemWin532_CM3_Keil.lib(wm.o)
    0x08002db2   0x08002db2   0x00000006   Code   RO         2829    i.WM_InvalidateWindow  STemWin532_CM3_Keil.lib(wm.o)
    0x08002db8   0x08002db8   0x0000005e   Code   RO         2830    i.WM_InvalidateWindowAndDescsEx  STemWin532_CM3_Keil.lib(wm.o)
    0x08002e16   0x08002e16   0x00000002   PAD
    0x08002e18   0x08002e18   0x0000003c   Code   RO         2831    i.WM_SelectWindow   STemWin532_CM3_Keil.lib(wm.o)
    0x08002e54   0x08002e54   0x0000001e   Code   RO         3162    i.WM_SendToParent   STemWin532_CM3_Keil.lib(wm_sendtoparent.o)
    0x08002e72   0x08002e72   0x00000002   PAD
    0x08002e74   0x08002e74   0x00000048   Code   RO         2834    i.WM__ActivateClipRect  STemWin532_CM3_Keil.lib(wm.o)
    0x08002ebc   0x08002ebc   0x00000010   Code   RO         3146    i.WM__AddCriticalHandle  STemWin532_CM3_Keil.lib(wm_criticalhandle.o)
    0x08002ecc   0x08002ecc   0x00000010   Code   RO         2835    i.WM__Client2Screen  STemWin532_CM3_Keil.lib(wm.o)
    0x08002edc   0x08002edc   0x0000004e   Code   RO         2836    i.WM__ClipAtParentBorders  STemWin532_CM3_Keil.lib(wm.o)
    0x08002f2a   0x08002f2a   0x00000020   Code   RO         3152    i.WM__GetClientRectEx  STemWin532_CM3_Keil.lib(wm_getclientrect.o)
    0x08002f4a   0x08002f4a   0x00000018   Code   RO         2839    i.WM__GetClientRectWin  STemWin532_CM3_Keil.lib(wm.o)
    0x08002f62   0x08002f62   0x00000012   Code   RO         3682    i.WM__GetFirstSibling  STemWin532_CM3_Keil.lib(wm__getfirstsibling.o)
    0x08002f74   0x08002f74   0x00000040   Code   RO         2840    i.WM__GetNextIVR    STemWin532_CM3_Keil.lib(wm.o)
    0x08002fb4   0x08002fb4   0x00000024   Code   RO         3489    i.WM__GetPrevSibling  STemWin532_CM3_Keil.lib(wm__getprevsibling.o)
    0x08002fd8   0x08002fd8   0x00000018   Code   RO         2841    i.WM__GetTopLevelLayer  STemWin532_CM3_Keil.lib(wm.o)
    0x08002ff0   0x08002ff0   0x000000f0   Code   RO         2842    i.WM__InitIVRSearch  STemWin532_CM3_Keil.lib(wm.o)
    0x080030e0   0x080030e0   0x000000a4   Code   RO         2843    i.WM__InsertWindowIntoList  STemWin532_CM3_Keil.lib(wm.o)
    0x08003184   0x08003184   0x00000006   Code   RO         2844    i.WM__Invalidate1Abs  STemWin532_CM3_Keil.lib(wm.o)
    0x0800318a   0x0800318a   0x00000002   PAD
    0x0800318c   0x0800318c   0x00000054   Code   RO         2845    i.WM__InvalidateDrawAndDescs  STemWin532_CM3_Keil.lib(wm.o)
    0x080031e0   0x080031e0   0x00000076   Code   RO         2847    i.WM__InvalidateRect  STemWin532_CM3_Keil.lib(wm.o)
    0x08003256   0x08003256   0x00000006   Code   RO         2848    i.WM__InvalidateRectEx  STemWin532_CM3_Keil.lib(wm.o)
    0x0800325c   0x0800325c   0x00000020   Code   RO         2853    i.WM__RectIsNZ      STemWin532_CM3_Keil.lib(wm.o)
    0x0800327c   0x0800327c   0x00000014   Code   RO         2855    i.WM__SelectTopLevelLayer  STemWin532_CM3_Keil.lib(wm.o)
    0x08003290   0x08003290   0x0000003c   Code   RO         3141    i.WM__SendMessage   STemWin532_CM3_Keil.lib(wm__sendmessage.o)
    0x080032cc   0x080032cc   0x0000000e   Code   RO         2856    i.WM__SendMsgNoData  STemWin532_CM3_Keil.lib(wm.o)
    0x080032da   0x080032da   0x00000002   PAD
    0x080032dc   0x080032dc   0x00000090   Code   RO         2126    i._AddFreeMemory    STemWin532_CM3_Keil.lib(gui_alloc.o)
    0x0800336c   0x0800336c   0x000000b8   Code   RO         2127    i._Alloc            STemWin532_CM3_Keil.lib(gui_alloc.o)
    0x08003424   0x08003424   0x00000004   Code   RO         2737    i._CalcSizeOfChar   STemWin532_CM3_Keil.lib(gui_uc_encodenone.o)
    0x08003428   0x08003428   0x00000038   Code   RO         2242    i._Color2IndexBulk  STemWin532_CM3_Keil.lib(guicc_565.o)
    0x08003460   0x08003460   0x00000054   Code   RO         3076    i._Color2Index_0    STemWin532_CM3_Keil.lib(guicc_0.o)
    0x080034b4   0x080034b4   0x00000028   Code   RO         2243    i._Color2Index_565  STemWin532_CM3_Keil.lib(guicc_565.o)
    0x080034dc   0x080034dc   0x0000003e   Code   RO         2808    i._Convert16        STemWin532_CM3_Keil.lib(guidev_writetoactiveopaque.o)
    0x0800351a   0x0800351a   0x0000003e   Code   RO         2809    i._Convert8         STemWin532_CM3_Keil.lib(guidev_writetoactiveopaque.o)
    0x08003558   0x08003558   0x0000001c   Code   RO         2520    i._Data2Index_16bpp_B16  STemWin532_CM3_Keil.lib(guidrv_flexcolor_func66709.o)
    0x08003574   0x08003574   0x00000016   Code   RO         2521    i._Data2Index_16bpp_B8  STemWin532_CM3_Keil.lib(guidrv_flexcolor_func66709.o)
    0x0800358a   0x0800358a   0x00000002   PAD
    0x0800358c   0x0800358c   0x00000020   Code   RO         2858    i._DesktopHandle2Index  STemWin532_CM3_Keil.lib(wm.o)
    0x080035ac   0x080035ac   0x00000074   Code   RO         2975    i._DispLine         STemWin532_CM3_Keil.lib(gui_charline.o)
    0x08003620   0x08003620   0x0000013c   Code   RO         2497    i._DrawBitLine1BPP  STemWin532_CM3_Keil.lib(guidrv_flexcolor_16bpp_c0b8.o)
    0x0800375c   0x0800375c   0x00000148   Code   RO         2663    i._DrawBitLine1BPP  STemWin532_CM3_Keil.lib(guidev_16.o)
    0x080038a4   0x080038a4   0x00000120   Code   RO         2498    i._DrawBitLine2BPP  STemWin532_CM3_Keil.lib(guidrv_flexcolor_16bpp_c0b8.o)
    0x080039c4   0x080039c4   0x000000e0   Code   RO         2664    i._DrawBitLine2BPP  STemWin532_CM3_Keil.lib(guidev_16.o)
    0x08003aa4   0x08003aa4   0x00000120   Code   RO         2499    i._DrawBitLine4BPP  STemWin532_CM3_Keil.lib(guidrv_flexcolor_16bpp_c0b8.o)
    0x08003bc4   0x08003bc4   0x00000160   Code   RO         2665    i._DrawBitLine4BPP  STemWin532_CM3_Keil.lib(guidev_16.o)
    0x08003d24   0x08003d24   0x000000d4   Code   RO         2500    i._DrawBitLine8BPP  STemWin532_CM3_Keil.lib(guidrv_flexcolor_16bpp_c0b8.o)
    0x08003df8   0x08003df8   0x00000022   Code   RO         2402    i._DrawBitmap       STemWin532_CM3_Keil.lib(guidrv_flexcolor.o)
    0x08003e1a   0x08003e1a   0x00000002   PAD
    0x08003e1c   0x08003e1c   0x000000f4   Code   RO         2501    i._DrawBitmap       STemWin532_CM3_Keil.lib(guidrv_flexcolor_16bpp_c0b8.o)
    0x08003f10   0x08003f10   0x000002a0   Code   RO         2666    i._DrawBitmap       STemWin532_CM3_Keil.lib(guidev_16.o)
    0x080041b0   0x080041b0   0x0000000e   Code   RO         2403    i._DrawHLine        STemWin532_CM3_Keil.lib(guidrv_flexcolor.o)
    0x080041be   0x080041be   0x0000000a   Code   RO         2667    i._DrawHLine        STemWin532_CM3_Keil.lib(guidev_16.o)
    0x080041c8   0x080041c8   0x00000010   Code   RO         2404    i._DrawVLine        STemWin532_CM3_Keil.lib(guidrv_flexcolor.o)
    0x080041d8   0x080041d8   0x000000b8   Code   RO         2668    i._DrawVLine        STemWin532_CM3_Keil.lib(guidev_16.o)
    0x08004290   0x08004290   0x00000006   Code   RO         2738    i._Encode           STemWin532_CM3_Keil.lib(gui_uc_encodenone.o)
    0x08004296   0x08004296   0x00000002   PAD
    0x08004298   0x08004298   0x00000098   Code   RO         2128    i._EnlargeBlocks    STemWin532_CM3_Keil.lib(gui_alloc.o)
    0x08004330   0x08004330   0x00000010   Code   RO         2405    i._FillRect         STemWin532_CM3_Keil.lib(guidrv_flexcolor.o)
    0x08004340   0x08004340   0x00000100   Code   RO         2502    i._FillRect         STemWin532_CM3_Keil.lib(guidrv_flexcolor_16bpp_c0b8.o)
    0x08004440   0x08004440   0x000000ac   Code   RO         2669    i._FillRect         STemWin532_CM3_Keil.lib(guidev_16.o)
    0x080044ec   0x080044ec   0x00000148   Code   RO         2861    i._FindNext_IVR     STemWin532_CM3_Keil.lib(wm.o)
    0x08004634   0x08004634   0x0000007c   Code   RO         2862    i._Findx0           STemWin532_CM3_Keil.lib(wm.o)
    0x080046b0   0x080046b0   0x00000072   Code   RO         2863    i._Findx1           STemWin532_CM3_Keil.lib(wm.o)
    0x08004722   0x08004722   0x000000a6   Code   RO         2864    i._Findy1           STemWin532_CM3_Keil.lib(wm.o)
    0x080047c8   0x080047c8   0x00000004   Code   RO         2739    i._GetCharCode      STemWin532_CM3_Keil.lib(gui_uc_encodenone.o)
    0x080047cc   0x080047cc   0x00000004   Code   RO         2740    i._GetCharSize      STemWin532_CM3_Keil.lib(gui_uc_encodenone.o)
    0x080047d0   0x080047d0   0x0000000e   Code   RO         2406    i._GetDevData       STemWin532_CM3_Keil.lib(guidrv_flexcolor.o)
    0x080047de   0x080047de   0x00000002   PAD
    0x080047e0   0x080047e0   0x00000010   Code   RO         2670    i._GetDevData       STemWin532_CM3_Keil.lib(guidev_16.o)
    0x080047f0   0x080047f0   0x00000070   Code   RO         2407    i._GetDevFunc       STemWin532_CM3_Keil.lib(guidrv_flexcolor.o)
    0x08004860   0x08004860   0x00000010   Code   RO         2671    i._GetDevFunc       STemWin532_CM3_Keil.lib(guidev_16.o)
    0x08004870   0x08004870   0x0000004c   Code   RO         2408    i._GetDevFunc_Init  STemWin532_CM3_Keil.lib(guidrv_flexcolor.o)
    0x080048bc   0x080048bc   0x00000002   Code   RO         2409    i._GetDevFunc_SetRect  STemWin532_CM3_Keil.lib(guidrv_flexcolor.o)
    0x080048be   0x080048be   0x00000002   PAD
    0x080048c0   0x080048c0   0x00000040   Code   RO         2410    i._GetDevFunc_SetRectOutside  STemWin532_CM3_Keil.lib(guidrv_flexcolor.o)
    0x08004900   0x08004900   0x00000014   Code   RO         2411    i._GetDevFunc_SetSize  STemWin532_CM3_Keil.lib(guidrv_flexcolor.o)
    0x08004914   0x08004914   0x00000014   Code   RO         2412    i._GetDevFunc_SetVSize  STemWin532_CM3_Keil.lib(guidrv_flexcolor.o)
    0x08004928   0x08004928   0x0000001e   Code   RO         2292    i._GetDevProp       STemWin532_CM3_Keil.lib(lcd_getex.o)
    0x08004946   0x08004946   0x00000066   Code   RO         2413    i._GetDevProp       STemWin532_CM3_Keil.lib(guidrv_flexcolor.o)
    0x080049ac   0x080049ac   0x00000010   Code   RO         2672    i._GetDevProp       STemWin532_CM3_Keil.lib(guidev_16.o)
    0x080049bc   0x080049bc   0x00000052   Code   RO         3077    i._GetIndexMask_0   STemWin532_CM3_Keil.lib(guicc_0.o)
    0x08004a0e   0x08004a0e   0x00000006   Code   RO         2244    i._GetIndexMask_565  STemWin532_CM3_Keil.lib(guicc_565.o)
    0x08004a14   0x08004a14   0x0000001e   Code   RO         2293    i._GetMaxValue      STemWin532_CM3_Keil.lib(lcd_getex.o)
    0x08004a32   0x08004a32   0x00000002   PAD
    0x08004a34   0x08004a34   0x0000001c   Code   RO         2129    i._GetMinIndex      STemWin532_CM3_Keil.lib(gui_alloc.o)
    0x08004a50   0x08004a50   0x00000008   Code   RO         2414    i._GetPixelIndex    STemWin532_CM3_Keil.lib(guidrv_flexcolor.o)
    0x08004a58   0x08004a58   0x0000000e   Code   RO         2673    i._GetPixelIndex    STemWin532_CM3_Keil.lib(guidev_16.o)
    0x08004a66   0x08004a66   0x00000016   Code   RO         2415    i._GetRect          STemWin532_CM3_Keil.lib(guidrv_flexcolor.o)
    0x08004a7c   0x08004a7c   0x00000030   Code   RO         2674    i._GetRect          STemWin532_CM3_Keil.lib(guidev_16.o)
    0x08004aac   0x08004aac   0x00000010   Code   RO         2727    i._GotoX            STemWin532_CM3_Keil.lib(gui_goto.o)
    0x08004abc   0x08004abc   0x00000010   Code   RO         2728    i._GotoY            STemWin532_CM3_Keil.lib(gui_goto.o)
    0x08004acc   0x08004acc   0x00000048   Code   RO         2245    i._Index2ColorBulk  STemWin532_CM3_Keil.lib(guicc_565.o)
    0x08004b14   0x08004b14   0x00000020   Code   RO         3078    i._Index2Color_0    STemWin532_CM3_Keil.lib(guicc_0.o)
    0x08004b34   0x08004b34   0x00000070   Code   RO         2186    i._InitContext      STemWin532_CM3_Keil.lib(gui_core.o)
    0x08004ba4   0x08004ba4   0x000000a8   Code   RO         2130    i._InitOnce         STemWin532_CM3_Keil.lib(gui_alloc.o)
    0x08004c4c   0x08004c4c   0x00000080   Code   RO         2865    i._Invalidate1Abs   STemWin532_CM3_Keil.lib(wm.o)
    0x08004ccc   0x08004ccc   0x00000004   Code   RO         2416    i._Log2PhysX_X0Y0S0  STemWin532_CM3_Keil.lib(guidrv_flexcolor.o)
    0x08004cd0   0x08004cd0   0x00000004   Code   RO         2417    i._Log2PhysX_X0Y0S1  STemWin532_CM3_Keil.lib(guidrv_flexcolor.o)
    0x08004cd4   0x08004cd4   0x00000004   Code   RO         2418    i._Log2PhysX_X0Y1S0  STemWin532_CM3_Keil.lib(guidrv_flexcolor.o)
    0x08004cd8   0x08004cd8   0x00000004   Code   RO         2419    i._Log2PhysX_X0Y1S1  STemWin532_CM3_Keil.lib(guidrv_flexcolor.o)
    0x08004cdc   0x08004cdc   0x00000008   Code   RO         2420    i._Log2PhysX_X1Y0S0  STemWin532_CM3_Keil.lib(guidrv_flexcolor.o)
    0x08004ce4   0x08004ce4   0x00000008   Code   RO         2421    i._Log2PhysX_X1Y0S1  STemWin532_CM3_Keil.lib(guidrv_flexcolor.o)
    0x08004cec   0x08004cec   0x00000008   Code   RO         2422    i._Log2PhysX_X1Y1S0  STemWin532_CM3_Keil.lib(guidrv_flexcolor.o)
    0x08004cf4   0x08004cf4   0x00000008   Code   RO         2423    i._Log2PhysX_X1Y1S1  STemWin532_CM3_Keil.lib(guidrv_flexcolor.o)
    0x08004cfc   0x08004cfc   0x00000004   Code   RO         2424    i._Log2PhysY_X0Y0S0  STemWin532_CM3_Keil.lib(guidrv_flexcolor.o)
    0x08004d00   0x08004d00   0x00000004   Code   RO         2425    i._Log2PhysY_X0Y0S1  STemWin532_CM3_Keil.lib(guidrv_flexcolor.o)
    0x08004d04   0x08004d04   0x00000008   Code   RO         2426    i._Log2PhysY_X0Y1S0  STemWin532_CM3_Keil.lib(guidrv_flexcolor.o)
    0x08004d0c   0x08004d0c   0x00000008   Code   RO         2427    i._Log2PhysY_X0Y1S1  STemWin532_CM3_Keil.lib(guidrv_flexcolor.o)
    0x08004d14   0x08004d14   0x00000004   Code   RO         2428    i._Log2PhysY_X1Y0S0  STemWin532_CM3_Keil.lib(guidrv_flexcolor.o)
    0x08004d18   0x08004d18   0x00000004   Code   RO         2429    i._Log2PhysY_X1Y0S1  STemWin532_CM3_Keil.lib(guidrv_flexcolor.o)
    0x08004d1c   0x08004d1c   0x00000008   Code   RO         2430    i._Log2PhysY_X1Y1S0  STemWin532_CM3_Keil.lib(guidrv_flexcolor.o)
    0x08004d24   0x08004d24   0x00000008   Code   RO         2431    i._Log2PhysY_X1Y1S1  STemWin532_CM3_Keil.lib(guidrv_flexcolor.o)
    0x08004d2c   0x08004d2c   0x00000002   Code   RO         2976    i._Log2VisBuffered  STemWin532_CM3_Keil.lib(gui_charline.o)
    0x08004d2e   0x08004d2e   0x00000002   PAD
    0x08004d30   0x08004d30   0x00000034   Code   RO         2131    i._OnExit           STemWin532_CM3_Keil.lib(gui_alloc.o)
    0x08004d64   0x08004d64   0x0000002c   Code   RO         2187    i._OnExit           STemWin532_CM3_Keil.lib(gui_core.o)
    0x08004d90   0x08004d90   0x00000014   Code   RO         2791    i._OnExit           STemWin532_CM3_Keil.lib(lcd_color.o)
    0x08004da4   0x08004da4   0x00000034   Code   RO         2866    i._OnExit           STemWin532_CM3_Keil.lib(wm.o)
    0x08004dd8   0x08004dd8   0x00000040   Code   RO         2132    i._PopFreeBlock     STemWin532_CM3_Keil.lib(gui_alloc.o)
    0x08004e18   0x08004e18   0x00000028   Code   RO         2133    i._PushFreeBlock    STemWin532_CM3_Keil.lib(gui_alloc.o)
    0x08004e40   0x08004e40   0x00000006   Code   RO         2503    i._ReadData         STemWin532_CM3_Keil.lib(guidrv_flexcolor_16bpp_c0b8.o)
    0x08004e46   0x08004e46   0x0000000c   Code   RO         2432    i._ReadPixelCust_16bpp  STemWin532_CM3_Keil.lib(guidrv_flexcolor.o)
    0x08004e52   0x08004e52   0x0000000c   Code   RO         2433    i._ReadPixelCust_18bpp  STemWin532_CM3_Keil.lib(guidrv_flexcolor.o)
    0x08004e5e   0x08004e5e   0x00000028   Code   RO         2522    i._ReadPixel_16bpp_B16_I  STemWin532_CM3_Keil.lib(guidrv_flexcolor_func66709.o)
    0x08004e86   0x08004e86   0x00000024   Code   RO         2525    i._ReadPixel_16bpp_B8  STemWin532_CM3_Keil.lib(guidrv_flexcolor_func66709.o)
    0x08004eaa   0x08004eaa   0x00000030   Code   RO         2434    i._ReadRectCust_16bpp  STemWin532_CM3_Keil.lib(guidrv_flexcolor.o)
    0x08004eda   0x08004eda   0x00000030   Code   RO         2435    i._ReadRectCust_18bpp  STemWin532_CM3_Keil.lib(guidrv_flexcolor.o)
    0x08004f0a   0x08004f0a   0x0000004c   Code   RO         2526    i._ReadRect_16bpp_B16_I  STemWin532_CM3_Keil.lib(guidrv_flexcolor_func66709.o)
    0x08004f56   0x08004f56   0x00000048   Code   RO         2529    i._ReadRect_16bpp_B8  STemWin532_CM3_Keil.lib(guidrv_flexcolor_func66709.o)
    0x08004f9e   0x08004f9e   0x00000002   PAD
    0x08004fa0   0x08004fa0   0x00000034   Code   RO         2134    i._RemoveFreeBlock  STemWin532_CM3_Keil.lib(gui_alloc.o)
    0x08004fd4   0x08004fd4   0x000000a0   Code   RO         2135    i._RemoveHoles      STemWin532_CM3_Keil.lib(gui_alloc.o)
    0x08005074   0x08005074   0x00000020   Code   RO         2761    i._SetBkColor       STemWin532_CM3_Keil.lib(lcd.o)
    0x08005094   0x08005094   0x0000004c   Code   RO         2870    i._SetClipRectUserIntersect  STemWin532_CM3_Keil.lib(wm.o)
    0x080050e0   0x080050e0   0x00000020   Code   RO         2762    i._SetColor         STemWin532_CM3_Keil.lib(lcd.o)
    0x08005100   0x08005100   0x00000080   Code   RO         2436    i._SetDevFunc       STemWin532_CM3_Keil.lib(guidrv_flexcolor.o)
    0x08005180   0x08005180   0x0000002c   Code   RO         2763    i._SetDrawMode      STemWin532_CM3_Keil.lib(lcd.o)
    0x080051ac   0x080051ac   0x00000030   Code   RO         2530    i._SetInterface     STemWin532_CM3_Keil.lib(guidrv_flexcolor_func66709.o)
    0x080051dc   0x080051dc   0x00000012   Code   RO         2437    i._SetOrg           STemWin532_CM3_Keil.lib(guidrv_flexcolor.o)
    0x080051ee   0x080051ee   0x0000000e   Code   RO         2675    i._SetOrg           STemWin532_CM3_Keil.lib(guidev_16.o)
    0x080051fc   0x080051fc   0x00000038   Code   RO         2531    i._SetOrientation   STemWin532_CM3_Keil.lib(guidrv_flexcolor_func66709.o)
    0x08005234   0x08005234   0x000000a8   Code   RO         2532    i._SetPhysRAMAddr   STemWin532_CM3_Keil.lib(guidrv_flexcolor_func66709.o)
    0x080052dc   0x080052dc   0x0000000e   Code   RO         2438    i._SetPixelIndex    STemWin532_CM3_Keil.lib(guidrv_flexcolor.o)
    0x080052ea   0x080052ea   0x00000002   PAD
    0x080052ec   0x080052ec   0x00000048   Code   RO         2676    i._SetPixelIndex    STemWin532_CM3_Keil.lib(guidev_16.o)
    0x08005334   0x08005334   0x000000b4   Code   RO         2533    i._SetRect          STemWin532_CM3_Keil.lib(guidrv_flexcolor_func66709.o)
    0x080053e8   0x080053e8   0x00000008   Code   RO         2534    i._SetReg_B16       STemWin532_CM3_Keil.lib(guidrv_flexcolor_func66709.o)
    0x080053f0   0x080053f0   0x0000001a   Code   RO         2535    i._SetReg_B8        STemWin532_CM3_Keil.lib(guidrv_flexcolor_func66709.o)
    0x0800540a   0x0800540a   0x00000002   PAD
    0x0800540c   0x0800540c   0x000000ea   Code   RO         2136    i._TestRAM          STemWin532_CM3_Keil.lib(gui_alloc.o)
    0x080054f6   0x080054f6   0x00000006   Code   RO         2504    i._WriteData        STemWin532_CM3_Keil.lib(guidrv_flexcolor_16bpp_c0b8.o)
    0x080054fc   0x080054fc   0x0000004a   Code   RO         2505    i._WriteDataMP      STemWin532_CM3_Keil.lib(guidrv_flexcolor_16bpp_c0b8.o)
    0x08005546   0x08005546   0x00000008   Code   RO         2536    i._WritePara_B16    STemWin532_CM3_Keil.lib(guidrv_flexcolor_func66709.o)
    0x0800554e   0x0800554e   0x0000000a   Code   RO         2537    i._WritePara_B8     STemWin532_CM3_Keil.lib(guidrv_flexcolor_func66709.o)
    0x08005558   0x08005558   0x0000000e   Code   RO         2137    i._WriteTagData     STemWin532_CM3_Keil.lib(gui_alloc.o)
    0x08005566   0x08005566   0x00000002   PAD
    0x08005568   0x08005568   0x00000340   Code   RO         2810    i._WriteToActiveOpaque_8  STemWin532_CM3_Keil.lib(guidev_writetoactiveopaque.o)
    0x080058a8   0x080058a8   0x00000344   Code   RO         2811    i._WriteToActiveOpaque_HT  STemWin532_CM3_Keil.lib(guidev_writetoactiveopaque.o)
    0x08005bec   0x08005bec   0x00000010   Code   RO         2506    i._WriteU16_A1      STemWin532_CM3_Keil.lib(guidrv_flexcolor_16bpp_c0b8.o)
    0x08005bfc   0x08005bfc   0x0000003c   Code   RO         2677    i._XY2PTR           STemWin532_CM3_Keil.lib(guidev_16.o)
    0x08005c38   0x08005c38   0x00000024   Code   RO         2439    i._XorPixel         STemWin532_CM3_Keil.lib(guidrv_flexcolor.o)
    0x08005c5c   0x08005c5c   0x00000054   Code   RO         2678    i._XorPixel         STemWin532_CM3_Keil.lib(guidev_16.o)
    0x08005cb0   0x08005cb0   0x0000000e   Code   RO         3748    i.__scatterload_copy  mc_w.l(handlers.o)
    0x08005cbe   0x08005cbe   0x00000002   Code   RO         3749    i.__scatterload_null  mc_w.l(handlers.o)
    0x08005cc0   0x08005cc0   0x0000000e   Code   RO         3750    i.__scatterload_zeroinit  mc_w.l(handlers.o)
    0x08005cce   0x08005cce   0x00000002   PAD
    0x08005cd0   0x08005cd0   0x00000050   Code   RO         2871    i._cbBackWin        STemWin532_CM3_Keil.lib(wm.o)
    0x08005d20   0x08005d20   0x00000026   Code   RO         1404    i.app_lcd_init      app_lcd.o
    0x08005d46   0x08005d46   0x00000002   PAD
    0x08005d48   0x08005d48   0x0000001c   Code   RO         1482    i.drv_lcd_backlight_control  drv_lcd.o
    0x08005d64   0x08005d64   0x00000010   Code   RO         1483    i.drv_lcd_display_control  drv_lcd.o
    0x08005d74   0x08005d74   0x000001f8   Code   RO         1484    i.drv_lcd_init      drv_lcd.o
    0x08005f6c   0x08005f6c   0x00000054   Code   RO         1485    i.drv_lcd_set_display_range  drv_lcd.o
    0x08005fc0   0x08005fc0   0x0000008a   Code   RO         2764    i.emWin_LCD_Init    STemWin532_CM3_Keil.lib(lcd.o)
    0x0800604a   0x0800604a   0x0000003a   Code   RO         1406    i.lcd_color_clear   app_lcd.o
    0x08006084   0x08006084   0x00000018   Code   RO         1488    i.lcd_cs_control    drv_lcd.o
    0x0800609c   0x0800609c   0x00000018   Code   RO         1489    i.lcd_delay_ms      drv_lcd.o
    0x080060b4   0x080060b4   0x00000066   Code   RO         1408    i.lcd_display_bmp_with_empty_background  app_lcd.o
    0x0800611a   0x0800611a   0x0000001c   Code   RO         1410    i.lcd_display_pixel  app_lcd.o
    0x08006136   0x08006136   0x00000002   PAD
    0x08006138   0x08006138   0x00000018   Code   RO         1490    i.lcd_rd_control    drv_lcd.o
    0x08006150   0x08006150   0x00000018   Code   RO         1491    i.lcd_rs_control    drv_lcd.o
    0x08006168   0x08006168   0x00000018   Code   RO         1492    i.lcd_rst_control   drv_lcd.o
    0x08006180   0x08006180   0x00000018   Code   RO         1493    i.lcd_wr_control    drv_lcd.o
    0x08006198   0x08006198   0x0000003c   Code   RO         1494    i.lcd_write_cmd8    drv_lcd.o
    0x080061d4   0x080061d4   0x00000054   Code   RO         1495    i.lcd_write_dat16   drv_lcd.o
    0x08006228   0x08006228   0x0000003c   Code   RO         1496    i.lcd_write_dat8    drv_lcd.o
    0x08006264   0x08006264   0x000000a0   Code   RO           15    i.main              main.o
    0x08006304   0x08006304   0x0000003c   Code   RO         2033    i.my_mem_init       malloc.o
    0x08006340   0x08006340   0x00000038   Code   RO         2035    i.my_mem_perused    malloc.o
    0x08006378   0x08006378   0x0000000e   Code   RO         2039    i.mymemset          malloc.o
    0x08006386   0x08006386   0x00000150   Data   RO           17    .constdata          main.o
    0x080064d6   0x080064d6   0x00000010   Data   RO         1368    .constdata          system_stm32f1xx.o
    0x080064e6   0x080064e6   0x00000002   PAD
    0x080064e8   0x080064e8   0x00000018   Data   RO         2045    .constdata          malloc.o
    0x08006500   0x08006500   0x00000008   Data   RO         2189    .constdata          STemWin532_CM3_Keil.lib(gui_core.o)
    0x08006508   0x08006508   0x00000018   Data   RO         2246    .constdata          STemWin532_CM3_Keil.lib(guicc_565.o)
    0x08006520   0x08006520   0x00000034   Data   RO         2440    .constdata          STemWin532_CM3_Keil.lib(guidrv_flexcolor.o)
    0x08006554   0x08006554   0x00000040   Data   RO         2441    .constdata          STemWin532_CM3_Keil.lib(guidrv_flexcolor.o)
    0x08006594   0x08006594   0x00000518   Data   RO         2559    .constdata          STemWin532_CM3_Keil.lib(f6x8.o)
    0x08006aac   0x08006aac   0x000001c0   Data   RO         2560    .constdata          STemWin532_CM3_Keil.lib(f6x8.o)
    0x08006c6c   0x08006c6c   0x00000008   Data   RO         2561    .constdata          STemWin532_CM3_Keil.lib(f6x8.o)
    0x08006c74   0x08006c74   0x00000014   Data   RO         2562    .constdata          STemWin532_CM3_Keil.lib(f6x8.o)
    0x08006c88   0x08006c88   0x00000024   Data   RO         2563    .constdata          STemWin532_CM3_Keil.lib(f6x8.o)
    0x08006cac   0x08006cac   0x00000018   Data   RO         2565    .constdata          STemWin532_CM3_Keil.lib(f24_ascii.o)
    0x08006cc4   0x08006cc4   0x00000018   Data   RO         2566    .constdata          STemWin532_CM3_Keil.lib(f24_ascii.o)
    0x08006cdc   0x08006cdc   0x00000018   Data   RO         2567    .constdata          STemWin532_CM3_Keil.lib(f24_ascii.o)
    0x08006cf4   0x08006cf4   0x00000030   Data   RO         2568    .constdata          STemWin532_CM3_Keil.lib(f24_ascii.o)
    0x08006d24   0x08006d24   0x00000030   Data   RO         2569    .constdata          STemWin532_CM3_Keil.lib(f24_ascii.o)
    0x08006d54   0x08006d54   0x00000048   Data   RO         2570    .constdata          STemWin532_CM3_Keil.lib(f24_ascii.o)
    0x08006d9c   0x08006d9c   0x00000030   Data   RO         2571    .constdata          STemWin532_CM3_Keil.lib(f24_ascii.o)
    0x08006dcc   0x08006dcc   0x00000018   Data   RO         2572    .constdata          STemWin532_CM3_Keil.lib(f24_ascii.o)
    0x08006de4   0x08006de4   0x00000018   Data   RO         2573    .constdata          STemWin532_CM3_Keil.lib(f24_ascii.o)
    0x08006dfc   0x08006dfc   0x00000018   Data   RO         2574    .constdata          STemWin532_CM3_Keil.lib(f24_ascii.o)
    0x08006e14   0x08006e14   0x00000018   Data   RO         2575    .constdata          STemWin532_CM3_Keil.lib(f24_ascii.o)
    0x08006e2c   0x08006e2c   0x00000030   Data   RO         2576    .constdata          STemWin532_CM3_Keil.lib(f24_ascii.o)
    0x08006e5c   0x08006e5c   0x00000018   Data   RO         2577    .constdata          STemWin532_CM3_Keil.lib(f24_ascii.o)
    0x08006e74   0x08006e74   0x00000018   Data   RO         2578    .constdata          STemWin532_CM3_Keil.lib(f24_ascii.o)
    0x08006e8c   0x08006e8c   0x00000018   Data   RO         2579    .constdata          STemWin532_CM3_Keil.lib(f24_ascii.o)
    0x08006ea4   0x08006ea4   0x00000018   Data   RO         2580    .constdata          STemWin532_CM3_Keil.lib(f24_ascii.o)
    0x08006ebc   0x08006ebc   0x00000030   Data   RO         2581    .constdata          STemWin532_CM3_Keil.lib(f24_ascii.o)
    0x08006eec   0x08006eec   0x00000030   Data   RO         2582    .constdata          STemWin532_CM3_Keil.lib(f24_ascii.o)
    0x08006f1c   0x08006f1c   0x00000030   Data   RO         2583    .constdata          STemWin532_CM3_Keil.lib(f24_ascii.o)
    0x08006f4c   0x08006f4c   0x00000030   Data   RO         2584    .constdata          STemWin532_CM3_Keil.lib(f24_ascii.o)
    0x08006f7c   0x08006f7c   0x00000030   Data   RO         2585    .constdata          STemWin532_CM3_Keil.lib(f24_ascii.o)
    0x08006fac   0x08006fac   0x00000030   Data   RO         2586    .constdata          STemWin532_CM3_Keil.lib(f24_ascii.o)
    0x08006fdc   0x08006fdc   0x00000030   Data   RO         2587    .constdata          STemWin532_CM3_Keil.lib(f24_ascii.o)
    0x0800700c   0x0800700c   0x00000030   Data   RO         2588    .constdata          STemWin532_CM3_Keil.lib(f24_ascii.o)
    0x0800703c   0x0800703c   0x00000030   Data   RO         2589    .constdata          STemWin532_CM3_Keil.lib(f24_ascii.o)
    0x0800706c   0x0800706c   0x00000030   Data   RO         2590    .constdata          STemWin532_CM3_Keil.lib(f24_ascii.o)
    0x0800709c   0x0800709c   0x00000018   Data   RO         2591    .constdata          STemWin532_CM3_Keil.lib(f24_ascii.o)
    0x080070b4   0x080070b4   0x00000018   Data   RO         2592    .constdata          STemWin532_CM3_Keil.lib(f24_ascii.o)
    0x080070cc   0x080070cc   0x00000030   Data   RO         2593    .constdata          STemWin532_CM3_Keil.lib(f24_ascii.o)
    0x080070fc   0x080070fc   0x00000030   Data   RO         2594    .constdata          STemWin532_CM3_Keil.lib(f24_ascii.o)
    0x0800712c   0x0800712c   0x00000030   Data   RO         2595    .constdata          STemWin532_CM3_Keil.lib(f24_ascii.o)
    0x0800715c   0x0800715c   0x00000030   Data   RO         2596    .constdata          STemWin532_CM3_Keil.lib(f24_ascii.o)
    0x0800718c   0x0800718c   0x00000048   Data   RO         2597    .constdata          STemWin532_CM3_Keil.lib(f24_ascii.o)
    0x080071d4   0x080071d4   0x00000030   Data   RO         2598    .constdata          STemWin532_CM3_Keil.lib(f24_ascii.o)
    0x08007204   0x08007204   0x00000030   Data   RO         2599    .constdata          STemWin532_CM3_Keil.lib(f24_ascii.o)
    0x08007234   0x08007234   0x00000030   Data   RO         2600    .constdata          STemWin532_CM3_Keil.lib(f24_ascii.o)
    0x08007264   0x08007264   0x00000030   Data   RO         2601    .constdata          STemWin532_CM3_Keil.lib(f24_ascii.o)
    0x08007294   0x08007294   0x00000030   Data   RO         2602    .constdata          STemWin532_CM3_Keil.lib(f24_ascii.o)
    0x080072c4   0x080072c4   0x00000030   Data   RO         2603    .constdata          STemWin532_CM3_Keil.lib(f24_ascii.o)
    0x080072f4   0x080072f4   0x00000030   Data   RO         2604    .constdata          STemWin532_CM3_Keil.lib(f24_ascii.o)
    0x08007324   0x08007324   0x00000030   Data   RO         2605    .constdata          STemWin532_CM3_Keil.lib(f24_ascii.o)
    0x08007354   0x08007354   0x00000018   Data   RO         2606    .constdata          STemWin532_CM3_Keil.lib(f24_ascii.o)
    0x0800736c   0x0800736c   0x00000030   Data   RO         2607    .constdata          STemWin532_CM3_Keil.lib(f24_ascii.o)
    0x0800739c   0x0800739c   0x00000030   Data   RO         2608    .constdata          STemWin532_CM3_Keil.lib(f24_ascii.o)
    0x080073cc   0x080073cc   0x00000030   Data   RO         2609    .constdata          STemWin532_CM3_Keil.lib(f24_ascii.o)
    0x080073fc   0x080073fc   0x00000048   Data   RO         2610    .constdata          STemWin532_CM3_Keil.lib(f24_ascii.o)
    0x08007444   0x08007444   0x00000030   Data   RO         2611    .constdata          STemWin532_CM3_Keil.lib(f24_ascii.o)
    0x08007474   0x08007474   0x00000030   Data   RO         2612    .constdata          STemWin532_CM3_Keil.lib(f24_ascii.o)
    0x080074a4   0x080074a4   0x00000030   Data   RO         2613    .constdata          STemWin532_CM3_Keil.lib(f24_ascii.o)
    0x080074d4   0x080074d4   0x00000030   Data   RO         2614    .constdata          STemWin532_CM3_Keil.lib(f24_ascii.o)
    0x08007504   0x08007504   0x00000030   Data   RO         2615    .constdata          STemWin532_CM3_Keil.lib(f24_ascii.o)
    0x08007534   0x08007534   0x00000030   Data   RO         2616    .constdata          STemWin532_CM3_Keil.lib(f24_ascii.o)
    0x08007564   0x08007564   0x00000030   Data   RO         2617    .constdata          STemWin532_CM3_Keil.lib(f24_ascii.o)
    0x08007594   0x08007594   0x00000030   Data   RO         2618    .constdata          STemWin532_CM3_Keil.lib(f24_ascii.o)
    0x080075c4   0x080075c4   0x00000030   Data   RO         2619    .constdata          STemWin532_CM3_Keil.lib(f24_ascii.o)
    0x080075f4   0x080075f4   0x00000048   Data   RO         2620    .constdata          STemWin532_CM3_Keil.lib(f24_ascii.o)
    0x0800763c   0x0800763c   0x00000030   Data   RO         2621    .constdata          STemWin532_CM3_Keil.lib(f24_ascii.o)
    0x0800766c   0x0800766c   0x00000030   Data   RO         2622    .constdata          STemWin532_CM3_Keil.lib(f24_ascii.o)
    0x0800769c   0x0800769c   0x00000030   Data   RO         2623    .constdata          STemWin532_CM3_Keil.lib(f24_ascii.o)
    0x080076cc   0x080076cc   0x00000018   Data   RO         2624    .constdata          STemWin532_CM3_Keil.lib(f24_ascii.o)
    0x080076e4   0x080076e4   0x00000018   Data   RO         2625    .constdata          STemWin532_CM3_Keil.lib(f24_ascii.o)
    0x080076fc   0x080076fc   0x00000018   Data   RO         2626    .constdata          STemWin532_CM3_Keil.lib(f24_ascii.o)
    0x08007714   0x08007714   0x00000018   Data   RO         2627    .constdata          STemWin532_CM3_Keil.lib(f24_ascii.o)
    0x0800772c   0x0800772c   0x00000030   Data   RO         2628    .constdata          STemWin532_CM3_Keil.lib(f24_ascii.o)
    0x0800775c   0x0800775c   0x00000018   Data   RO         2629    .constdata          STemWin532_CM3_Keil.lib(f24_ascii.o)
    0x08007774   0x08007774   0x00000030   Data   RO         2630    .constdata          STemWin532_CM3_Keil.lib(f24_ascii.o)
    0x080077a4   0x080077a4   0x00000030   Data   RO         2631    .constdata          STemWin532_CM3_Keil.lib(f24_ascii.o)
    0x080077d4   0x080077d4   0x00000030   Data   RO         2632    .constdata          STemWin532_CM3_Keil.lib(f24_ascii.o)
    0x08007804   0x08007804   0x00000030   Data   RO         2633    .constdata          STemWin532_CM3_Keil.lib(f24_ascii.o)
    0x08007834   0x08007834   0x00000030   Data   RO         2634    .constdata          STemWin532_CM3_Keil.lib(f24_ascii.o)
    0x08007864   0x08007864   0x00000018   Data   RO         2635    .constdata          STemWin532_CM3_Keil.lib(f24_ascii.o)
    0x0800787c   0x0800787c   0x00000030   Data   RO         2636    .constdata          STemWin532_CM3_Keil.lib(f24_ascii.o)
    0x080078ac   0x080078ac   0x00000030   Data   RO         2637    .constdata          STemWin532_CM3_Keil.lib(f24_ascii.o)
    0x080078dc   0x080078dc   0x00000018   Data   RO         2638    .constdata          STemWin532_CM3_Keil.lib(f24_ascii.o)
    0x080078f4   0x080078f4   0x00000018   Data   RO         2639    .constdata          STemWin532_CM3_Keil.lib(f24_ascii.o)
    0x0800790c   0x0800790c   0x00000030   Data   RO         2640    .constdata          STemWin532_CM3_Keil.lib(f24_ascii.o)
    0x0800793c   0x0800793c   0x00000018   Data   RO         2641    .constdata          STemWin532_CM3_Keil.lib(f24_ascii.o)
    0x08007954   0x08007954   0x00000030   Data   RO         2642    .constdata          STemWin532_CM3_Keil.lib(f24_ascii.o)
    0x08007984   0x08007984   0x00000030   Data   RO         2643    .constdata          STemWin532_CM3_Keil.lib(f24_ascii.o)
    0x080079b4   0x080079b4   0x00000030   Data   RO         2644    .constdata          STemWin532_CM3_Keil.lib(f24_ascii.o)
    0x080079e4   0x080079e4   0x00000030   Data   RO         2645    .constdata          STemWin532_CM3_Keil.lib(f24_ascii.o)
    0x08007a14   0x08007a14   0x00000030   Data   RO         2646    .constdata          STemWin532_CM3_Keil.lib(f24_ascii.o)
    0x08007a44   0x08007a44   0x00000018   Data   RO         2647    .constdata          STemWin532_CM3_Keil.lib(f24_ascii.o)
    0x08007a5c   0x08007a5c   0x00000030   Data   RO         2648    .constdata          STemWin532_CM3_Keil.lib(f24_ascii.o)
    0x08007a8c   0x08007a8c   0x00000018   Data   RO         2649    .constdata          STemWin532_CM3_Keil.lib(f24_ascii.o)
    0x08007aa4   0x08007aa4   0x00000030   Data   RO         2650    .constdata          STemWin532_CM3_Keil.lib(f24_ascii.o)
    0x08007ad4   0x08007ad4   0x00000030   Data   RO         2651    .constdata          STemWin532_CM3_Keil.lib(f24_ascii.o)
    0x08007b04   0x08007b04   0x00000030   Data   RO         2652    .constdata          STemWin532_CM3_Keil.lib(f24_ascii.o)
    0x08007b34   0x08007b34   0x00000030   Data   RO         2653    .constdata          STemWin532_CM3_Keil.lib(f24_ascii.o)
    0x08007b64   0x08007b64   0x00000030   Data   RO         2654    .constdata          STemWin532_CM3_Keil.lib(f24_ascii.o)
    0x08007b94   0x08007b94   0x00000030   Data   RO         2655    .constdata          STemWin532_CM3_Keil.lib(f24_ascii.o)
    0x08007bc4   0x08007bc4   0x00000018   Data   RO         2656    .constdata          STemWin532_CM3_Keil.lib(f24_ascii.o)
    0x08007bdc   0x08007bdc   0x00000018   Data   RO         2657    .constdata          STemWin532_CM3_Keil.lib(f24_ascii.o)
    0x08007bf4   0x08007bf4   0x00000018   Data   RO         2658    .constdata          STemWin532_CM3_Keil.lib(f24_ascii.o)
    0x08007c0c   0x08007c0c   0x00000030   Data   RO         2659    .constdata          STemWin532_CM3_Keil.lib(f24_ascii.o)
    0x08007c3c   0x08007c3c   0x000002f8   Data   RO         2660    .constdata          STemWin532_CM3_Keil.lib(f24_ascii.o)
    0x08007f34   0x08007f34   0x0000000c   Data   RO         2661    .constdata          STemWin532_CM3_Keil.lib(f24_ascii.o)
    0x08007f40   0x08007f40   0x00000024   Data   RO         2662    .constdata          STemWin532_CM3_Keil.lib(f24_ascii.o)
    0x08007f64   0x08007f64   0x00000074   Data   RO         2679    .constdata          STemWin532_CM3_Keil.lib(guidev_16.o)
    0x08007fd8   0x08007fd8   0x00000020   Data   RO         2696    .constdata          STemWin532_CM3_Keil.lib(gui__divtbl_31_255.o)
    0x08007ff8   0x08007ff8   0x00000040   Data   RO         2697    .constdata          STemWin532_CM3_Keil.lib(gui__divtbl_63_255.o)
    0x08008038   0x08008038   0x00000100   Data   RO         2698    .constdata          STemWin532_CM3_Keil.lib(gui__divtbl_255_31.o)
    0x08008138   0x08008138   0x00000100   Data   RO         2699    .constdata          STemWin532_CM3_Keil.lib(gui__divtbl_255_63.o)
    0x08008238   0x08008238   0x00000010   Data   RO         2741    .constdata          STemWin532_CM3_Keil.lib(gui_uc_encodenone.o)
    0x08008248   0x08008248   0x0000000c   Data   RO         2765    .constdata          STemWin532_CM3_Keil.lib(lcd.o)
    0x08008254   0x08008254   0x00000100   Data   RO         2800    .constdata          STemWin532_CM3_Keil.lib(lcd_mirror.o)
    0x08008354   0x08008354   0x00000008   Data   RO         2812    .constdata          STemWin532_CM3_Keil.lib(guidev_writetoactiveopaque.o)
    0x0800835c   0x0800835c   0x00000018   Data   RO         3079    .constdata          STemWin532_CM3_Keil.lib(guicc_0.o)
    0x08008374   0x08008374   0x00000020   Data   RO         3746    Region$$Table       anon$$obj.o


    Execution Region RW_IRAM1 (Exec base: 0x20000000, Load base: 0x08008394, Size: 0x000081d8, Max: 0x00010000, ABSOLUTE, COMPRESSED[0x00000054])

    Exec Addr    Load Addr    Size         Type   Attr      Idx    E Section Name        Object

    0x20000000   COMPRESSED   0x00000008   Data   RW          204    .data               crc.o
    0x20000008   COMPRESSED   0x0000000c   Data   RW          498    .data               stm32f1xx_hal.o
    0x20000014   COMPRESSED   0x00000004   Data   RW         1370    .data               system_stm32f1xx.o
    0x20000018   COMPRESSED   0x00000004   Data   RW         1722    .data               gui_x.o
    0x2000001c   COMPRESSED   0x0000001c   Data   RW         2046    .data               malloc.o
    0x20000038   COMPRESSED   0x00000008   Data   RW         2139    .data               STemWin532_CM3_Keil.lib(gui_alloc.o)
    0x20000040   COMPRESSED   0x0000002c   Data   RW         2190    .data               STemWin532_CM3_Keil.lib(gui_core.o)
    0x2000006c   COMPRESSED   0x00000004   Data   RW         2195    .data               STemWin532_CM3_Keil.lib(gui_core.o)
    0x20000070   COMPRESSED   0x00000004   Data   RW         2200    .data               STemWin532_CM3_Keil.lib(gui_core.o)
    0x20000074   COMPRESSED   0x00000002   Data   RW         2201    .data               STemWin532_CM3_Keil.lib(gui_core.o)
    0x20000076   COMPRESSED   0x00000002   Data   RW         2202    .data               STemWin532_CM3_Keil.lib(gui_core.o)
    0x20000078   COMPRESSED   0x00000008   Data   RW         2294    .data               STemWin532_CM3_Keil.lib(lcd_getex.o)
    0x20000080   COMPRESSED   0x0000001c   Data   RW         2442    .data               STemWin532_CM3_Keil.lib(guidrv_flexcolor.o)
    0x2000009c   COMPRESSED   0x00000008   Data   RW         2538    .data               STemWin532_CM3_Keil.lib(guidrv_flexcolor_func66709.o)
    0x200000a4   COMPRESSED   0x00000004   Data   RW         2766    .data               STemWin532_CM3_Keil.lib(lcd.o)
    0x200000a8   COMPRESSED   0x00000010   Data   RW         2792    .data               STemWin532_CM3_Keil.lib(lcd_color.o)
    0x200000b8   COMPRESSED   0x00000064   Data   RW         2875    .data               STemWin532_CM3_Keil.lib(wm.o)
    0x2000011c   COMPRESSED   0x00000018   Data   RW         2950    .data               STemWin532_CM3_Keil.lib(gui__managecache.o)
    0x20000134   COMPRESSED   0x00000004   Data   RW         2977    .data               STemWin532_CM3_Keil.lib(gui_charline.o)
    0x20000138   COMPRESSED   0x00000010   Data   RW         3007    .data               STemWin532_CM3_Keil.lib(gui_onkey.o)
    0x20000148   COMPRESSED   0x0000000c   Data   RW         3067    .data               STemWin532_CM3_Keil.lib(gui_waitevent.o)
    0x20000154   COMPRESSED   0x00000004   Data   RW         3142    .data               STemWin532_CM3_Keil.lib(wm__sendmessage.o)
    0x20000158        -       0x00005000   Zero   RW         1773    .bss                guiconf.o
    0x20005158   COMPRESSED   0x00000008   PAD
    0x20005160        -       0x00002800   Zero   RW         2043    .bss                malloc.o
    0x20007960        -       0x00000280   Zero   RW         2044    .bss                malloc.o
    0x20007be0        -       0x000000cc   Zero   RW         2138    .bss                STemWin532_CM3_Keil.lib(gui_alloc.o)
    0x20007cac        -       0x00000070   Zero   RW         2188    .bss                STemWin532_CM3_Keil.lib(gui_core.o)
    0x20007d1c        -       0x00000018   Zero   RW         2873    .bss                STemWin532_CM3_Keil.lib(wm.o)
    0x20007d34        -       0x00000058   Zero   RW         3006    .bss                STemWin532_CM3_Keil.lib(gui_onkey.o)
    0x20007d8c        -       0x00000048   Zero   RW         3183    .bss                STemWin532_CM3_Keil.lib(wm_touch.o)
    0x20007dd4   COMPRESSED   0x00000004   PAD
    0x20007dd8        -       0x00000400   Zero   RW            1    STACK               startup_stm32f103xe.o



  Load Region LR$$.ARM.__AT_0x68000000 (Base: 0x68000000, Size: 0x00000000, Max: 0x0003c000, ABSOLUTE)

    Execution Region ER$$.ARM.__AT_0x68000000 (Exec base: 0x68000000, Load base: 0x68000000, Size: 0x0003c000, Max: 0x0003c000, ABSOLUTE, UNINIT)

    Exec Addr    Load Addr    Size         Type   Attr      Idx    E Section Name        Object

    0x68000000        -       0x0003c000   Zero   RW         2041    .ARM.__AT_0x68000000  malloc.o



  Load Region LR$$.ARM.__AT_0x6803C000 (Base: 0x6803c000, Size: 0x00000000, Max: 0x00003c00, ABSOLUTE)

    Execution Region ER$$.ARM.__AT_0x6803C000 (Exec base: 0x6803c000, Load base: 0x6803c000, Size: 0x00003c00, Max: 0x00003c00, ABSOLUTE, UNINIT)

    Exec Addr    Load Addr    Size         Type   Attr      Idx    E Section Name        Object

    0x6803c000        -       0x00003c00   Zero   RW         2042    .ARM.__AT_0x6803C000  malloc.o


==============================================================================

Image component sizes


      Code (inc. data)   RO Data    RW Data    ZI Data      Debug   Object Name

       226          0          0          0          0       2949   app_lcd.o
        76         18          0          8          0       1419   crc.o
       980         44          0          0          0       7145   drv_lcd.o
       324         26          0          0          0        787   gpio.o
         4          0          0          4          0       1042   gui_x.o
        32         10          0          0      20480        511   guiconf.o
       188         34          0          0          0      56173   lcdconf_flexcolor_template.o
       240         20        336          0          0     439539   main.o
       130         18         24         28     272000       3299   malloc.o
        36          8        304          0       1024        788   startup_stm32f103xe.o
       128         24          0         12          0       5813   stm32f1xx_hal.o
       172         14          0          0          0      25050   stm32f1xx_hal_cortex.o
        34          0          0          0          0       1003   stm32f1xx_hal_crc.o
       498         42          0          0          0       2844   stm32f1xx_hal_gpio.o
        60          8          0          0          0        562   stm32f1xx_hal_msp.o
      1244         74          0          0          0       4042   stm32f1xx_hal_rcc.o
        32          4          0          0          0       3670   stm32f1xx_it.o
        72         16         16          4          0       1115   system_stm32f1xx.o

    ----------------------------------------------------------------------
      4492        360        714         56     293512     557751   Object Totals
         0          0         32          0          0          0   (incl. Generated)
        16          0          2          0          8          0   (incl. Padding)

    ----------------------------------------------------------------------

      Code (inc. data)   RO Data    RW Data    ZI Data      Debug   Library Member Name

         0          0       4792          0          0          0   f24_ascii.o
         0          0       1816          0          0          0   f6x8.o
       292          0          0          0          0         76   gui__compactpixelindices.o
         0          0        256          0          0          0   gui__divtbl_255_31.o
         0          0        256          0          0          0   gui__divtbl_255_63.o
         0          0         32          0          0          0   gui__divtbl_31_255.o
         0          0         64          0          0          0   gui__divtbl_63_255.o
        58          0          0          0          0         68   gui__intersectrect.o
        82          0          0          0          0         80   gui__intersectrects.o
       228          8          0         24          0        156   gui__managecache.o
        76          0          0          0          0         76   gui__memset.o
        60          0          0          0          0         76   gui__memset16.o
      1674         90          0          8        204       1544   gui_alloc.o
        36          0          0          0          0         80   gui_alloc_alloczero.o
        60          0          0          0          0         76   gui_calccolordist.o
        96         22          0          0          0        272   gui_char.o
       458         36          0          4          0        472   gui_charline.o
       394         10          0          0          0        300   gui_charm.o
       308         10          0          0          0        384   gui_charp.o
       492         76          8         56        112        628   gui_core.o
       344         24          0          0          0        448   gui_device.o
       256          4          0          0          0         88   gui_dispstring.o
        16          4          0          0          0         68   gui_dispstringat.o
        28          0          0          0          0        160   gui_getcolor.o
        52         12          0          0          0        216   gui_goto.o
        88          0          0          0          0         76   gui_mergerect.o
        30          0          0          0          0         68   gui_moverect.o
        16          4          0         16         88         68   gui_onkey.o
        56          0          0          0          0         68   gui_rectsintersect.o
        48         10          0          0          0         80   gui_selectlayer.o
        18          0          0          0          0         80   gui_selectlcd.o
         8          0          0          0          0        136   gui_setcolor.o
        20          6          0          0          0         68   gui_setfont.o
        56         18          0          0          0         80   gui_setorg.o
        84         10          0          0          0        168   gui_uc.o
        18          0         16          0          0        272   gui_uc_encodenone.o
        16          4          0         12          0         68   gui_waitevent.o
       198          0         24          0          0        244   guicc_0.o
       218         38         24          0          0        388   guicc_565.o
       100          6          0          0          0        160   guidev.o
      2282         60        116          0          0       1336   guidev_16.o
        26          0          0          0          0         80   guidev_getdataptr.o
        76          0          0          0          0        164   guidev_usage.o
      1854         18          8          0          0        492   guidev_writetoactiveopaque.o
      1506         76        116         28          0       3316   guidrv_flexcolor.o
      1810         62          0          0          0       1036   guidrv_flexcolor_16bpp_c0b8.o
       886         56          0          8          0       1160   guidrv_flexcolor_func66709.o
      1646        110         12          4          0       1348   lcd.o
       272         30          0         16          0        392   lcd_color.o
        32         12          0          0          0        136   lcd_getcolorindex.o
       370         40          0          8          0       1204   lcd_getex.o
        26          0          0          0          0         80   lcd_getnumdisplays.o
         0          0        256          0          0          0   lcd_mirror.o
        64          8          0          0          0         80   lcd_selectlcd.o
       132          0          0          0          0        252   lcd_set.o
        48         10          0          0          0         80   lcd_setcliprectex.o
        36          4          0          0          0         80   lcd_updatecolorindices.o
      2966        132          0        100         24       2560   wm.o
        18          0          0          0          0         76   wm__getfirstsibling.o
        36          0          0          0          0         80   wm__getprevsibling.o
        60          6          0          4          0         88   wm__sendmessage.o
       126          0          0          0          0         92   wm_bringtobottom.o
        16          6          0          0          0         68   wm_criticalhandle.o
        32          0          0          0          0         80   wm_getclientrect.o
        24         10          0          0          0         68   wm_getdesktopwindow.o
        14          0          0          0          0         76   wm_getfirstchild.o
        14          0          0          0          0         76   wm_getparent.o
        30          0          0          0          0         92   wm_sendtoparent.o
         0          0          0          0         72          0   wm_touch.o
        58          0          0          0          0          0   __dczerorl.o
         0          0          0          0          0          0   entry.o
         0          0          0          0          0          0   entry10a.o
         0          0          0          0          0          0   entry11a.o
         8          4          0          0          0          0   entry2.o
         4          0          0          0          0          0   entry5.o
         0          0          0          0          0          0   entry7b.o
         0          0          0          0          0          0   entry8b.o
         8          4          0          0          0          0   entry9a.o
        30          0          0          0          0          0   handlers.o
        36          8          0          0          0         68   init.o
        64          0          0          0          0         76   memmovea.o
        36          0          0          0          0        108   memseta.o

    ----------------------------------------------------------------------
     20682       1048       7796        288        504      22136   Library Totals
        52          0          0          0          4          0   (incl. Padding)

    ----------------------------------------------------------------------

      Code (inc. data)   RO Data    RW Data    ZI Data      Debug   Library Name

     20386       1032       7796        288        500      21884   STemWin532_CM3_Keil.lib
       244         16          0          0          0        252   mc_w.l

    ----------------------------------------------------------------------
     20682       1048       7796        288        504      22136   Library Totals

    ----------------------------------------------------------------------

==============================================================================


      Code (inc. data)   RO Data    RW Data    ZI Data      Debug   

     25174       1408       8510        344     294016     562751   Grand Totals
     25174       1408       8510         84     294016     562751   ELF Image Totals (compressed)
     25174       1408       8510         84          0          0   ROM Totals

==============================================================================

    Total RO  Size (Code + RO Data)                33684 (  32.89kB)
    Total RW  Size (RW Data + ZI Data)            294360 ( 287.46kB)
    Total ROM Size (Code + RO Data + RW Data)      33768 (  32.98kB)

==============================================================================

