<html>
<body>
<pre>
<h1>µVision Build Log</h1>
<h2>Tool Versions:</h2>
IDE-Version: ¦ÌVision V5.26.2.0
Copyright (C) 2018 ARM Ltd and ARM Germany GmbH. All rights reserved.
License Information: ff ff, gg, LIC=4ZLZ9-4PC1J-UM29A-19TZA-X1RVF-9KPIF
 
Tool Versions:
Toolchain:       MDK-ARM Professional  Version: 5.26.2.0
Toolchain Path:  C:\Keil_v5_525\ARM\ARMCC\Bin
C Compiler:      Armcc.exe V5.06 update 6 (build 750)
Assembler:       Armasm.exe V5.06 update 6 (build 750)
Linker/Locator:  ArmLink.exe V5.06 update 6 (build 750)
Library Manager: ArmAr.exe V5.06 update 6 (build 750)
Hex Converter:   FromElf.exe V5.06 update 6 (build 750)
CPU DLL:         SARMCM3.DLL V5.26.2.0
Dialog DLL:      DCM.DLL V1.17.2.0
Target DLL:      Segger\JL2CM3.dll V2.99.20.0
Dialog DLL:      TCM.DLL V1.36.1.0
 
<h2>Project:</h2>
F:\0-repository\TP79-hal-ucosii-emwin\MDK-ARM\TP79-hal-ucosii-emwin.uvprojx
Project File Date:  10/22/2019

<h2>Output:</h2>
*** Using Compiler 'V5.06 update 6 (build 750)', folder: 'C:\Keil_v5_525\ARM\ARMCC\Bin'
Build target 'TP79-hal-ucosii-emwin'
compiling LCDConf_FlexColor_Template.c...
linking...
Program Size: Code=25286 RO-data=8510 RW-data=344 ZI-data=294016  
FromELF: creating hex file...
After Build - User command #1: C:\Keil_v5_525\ARM\ARMCC\bin\fromelf.exe --bin -o ./bin/TP79-hal-ucosii-emwin.bin ./TP79-hal-ucosii-emwin/TP79-hal-ucosii-emwin.axf
After Build - User command #2: find   "Total R"    ./TP79-hal-ucosii-emwin/TP79-hal-ucosii-emwin.map
---------- ./TP79-HAL-UCOSII-EMWIN/TP79-HAL-UCOSII-EMWIN.MAP
    Total RO  Size (Code + RO Data)                33796 (  33.00kB)
    Total RW  Size (RW Data + ZI Data)            294360 ( 287.46kB)
    Total ROM Size (Code + RO Data + RW Data)      33880 (  33.09kB)
"TP79-hal-ucosii-emwin\TP79-hal-ucosii-emwin.axf" - 0 Error(s), 0 Warning(s).

<h2>Software Packages used:</h2>

Package Vendor: ARM
                http://www.keil.com/pack/ARM.CMSIS.5.4.0.pack
                ARM.CMSIS.5.4.0
                CMSIS (Cortex Microcontroller Software Interface Standard)
   * Component: CORE Version: 5.1.2

Package Vendor: Keil
                http://www.keil.com/pack/Keil.STM32F1xx_DFP.2.3.0.pack
                Keil.STM32F1xx_DFP.2.3.0
                STMicroelectronics STM32F1 Series Device Support, Drivers and Examples

<h2>Collection of Component include folders:</h2>
  .\RTE\_TP79-hal-ucosii-emwin
  C:\Keil_v5_525\ARM\PACK\ARM\CMSIS\5.4.0\CMSIS\Core\Include
  C:\Keil_v5_525\ARM\PACK\Keil\STM32F1xx_DFP\2.3.0\Device\Include

<h2>Collection of Component Files used:</h2>

   * Component: ARM::CMSIS:CORE:5.1.2
Build Time Elapsed:  00:00:03
</pre>
</body>
</html>
